Component: ARM Compiler 5.06 update 7 (build 960) Tool: armlink [4d3601]

==============================================================================

Section Cross References

    main.o(i.Sys_Init) refers to delay.o(i.delay_init) for delay_init
    main.o(i.Sys_Init) refers to oled.o(i.OLED_Init) for OLED_Init
    main.o(i.Sys_Init) refers to key.o(i.Key_Init) for Key_Init
    main.o(i.Sys_Init) refers to encoder.o(i.Encoder_Init) for Encoder_Init
    main.o(i.Sys_Init) refers to sys.o(i.NVIC_Configuration) for NVIC_Configuration
    main.o(i.Sys_Init) refers to usart.o(i.uart_init) for uart_init
    main.o(i.Sys_Init) refers to fdc2214.o(i.FDC2214_Init) for FDC2214_Init
    main.o(i.Sys_Init) refers to delay.o(i.delay_ms) for delay_ms
    main.o(i.main) refers to main.o(i.Sys_Init) for Sys_Init
    main.o(i.main) refers to display.o(i.Start_Display) for Start_Display
    main.o(i.main) refers to display.o(i.Flag_Display) for Flag_Display
    main.o(i.main) refers to key.o(i.Flag_Reverse) for Flag_Reverse
    main.o(i.main) refers to key.o(i.Confirm_Press) for Confirm_Press
    main.o(i.main) refers to key.o(i.Back_Press) for Back_Press
    main.o(i.main) refers to display.o(i.Screen_Display) for Screen_Display
    system_stm32f10x.o(i.SetSysClock) refers to system_stm32f10x.o(i.SetSysClockTo72) for SetSysClockTo72
    system_stm32f10x.o(i.SystemCoreClockUpdate) refers to system_stm32f10x.o(.data) for SystemCoreClock
    system_stm32f10x.o(i.SystemInit) refers to system_stm32f10x.o(i.SetSysClock) for SetSysClock
    delay.o(i.delay_init) refers to misc.o(i.SysTick_CLKSourceConfig) for SysTick_CLKSourceConfig
    delay.o(i.delay_init) refers to system_stm32f10x.o(.data) for SystemCoreClock
    delay.o(i.delay_init) refers to delay.o(.data) for fac_us
    delay.o(i.delay_ms) refers to delay.o(.data) for fac_ms
    delay.o(i.delay_us) refers to delay.o(.data) for fac_us
    sys.o(i.NVIC_Configuration) refers to misc.o(i.NVIC_PriorityGroupConfig) for NVIC_PriorityGroupConfig
    usart.o(i.USART1_IRQHandler) refers (Special) to use_no_semi_2.o(.text) for __use_no_semihosting
    usart.o(i.USART1_IRQHandler) refers to stm32f10x_usart.o(i.USART_GetITStatus) for USART_GetITStatus
    usart.o(i.USART1_IRQHandler) refers to stm32f10x_usart.o(i.USART_ReceiveData) for USART_ReceiveData
    usart.o(i.USART1_IRQHandler) refers to usart.o(.data) for USART_RX_STA
    usart.o(i.USART1_IRQHandler) refers to usart.o(.bss) for USART_RX_BUF
    usart.o(i._sys_exit) refers (Special) to use_no_semi_2.o(.text) for __use_no_semihosting
    usart.o(i.fputc) refers (Special) to use_no_semi_2.o(.text) for __use_no_semihosting
    usart.o(i.uart_init) refers (Special) to use_no_semi_2.o(.text) for __use_no_semihosting
    usart.o(i.uart_init) refers to stm32f10x_rcc.o(i.RCC_APB2PeriphClockCmd) for RCC_APB2PeriphClockCmd
    usart.o(i.uart_init) refers to stm32f10x_gpio.o(i.GPIO_Init) for GPIO_Init
    usart.o(i.uart_init) refers to misc.o(i.NVIC_Init) for NVIC_Init
    usart.o(i.uart_init) refers to stm32f10x_usart.o(i.USART_Init) for USART_Init
    usart.o(i.uart_init) refers to stm32f10x_usart.o(i.USART_ITConfig) for USART_ITConfig
    usart.o(i.uart_init) refers to stm32f10x_usart.o(i.USART_Cmd) for USART_Cmd
    usart.o(.bss) refers (Special) to use_no_semi_2.o(.text) for __use_no_semihosting
    usart.o(.data) refers (Special) to use_no_semi_2.o(.text) for __use_no_semihosting
    startup_stm32f10x_hd.o(STACK) refers (Special) to heapauxi.o(.text) for __use_two_region_memory
    startup_stm32f10x_hd.o(HEAP) refers (Special) to heapauxi.o(.text) for __use_two_region_memory
    startup_stm32f10x_hd.o(RESET) refers (Special) to heapauxi.o(.text) for __use_two_region_memory
    startup_stm32f10x_hd.o(RESET) refers to startup_stm32f10x_hd.o(STACK) for __initial_sp
    startup_stm32f10x_hd.o(RESET) refers to startup_stm32f10x_hd.o(.text) for Reset_Handler
    startup_stm32f10x_hd.o(RESET) refers to stm32f10x_it.o(i.NMI_Handler) for NMI_Handler
    startup_stm32f10x_hd.o(RESET) refers to stm32f10x_it.o(i.HardFault_Handler) for HardFault_Handler
    startup_stm32f10x_hd.o(RESET) refers to stm32f10x_it.o(i.MemManage_Handler) for MemManage_Handler
    startup_stm32f10x_hd.o(RESET) refers to stm32f10x_it.o(i.BusFault_Handler) for BusFault_Handler
    startup_stm32f10x_hd.o(RESET) refers to stm32f10x_it.o(i.UsageFault_Handler) for UsageFault_Handler
    startup_stm32f10x_hd.o(RESET) refers to stm32f10x_it.o(i.SVC_Handler) for SVC_Handler
    startup_stm32f10x_hd.o(RESET) refers to stm32f10x_it.o(i.DebugMon_Handler) for DebugMon_Handler
    startup_stm32f10x_hd.o(RESET) refers to stm32f10x_it.o(i.PendSV_Handler) for PendSV_Handler
    startup_stm32f10x_hd.o(RESET) refers to stm32f10x_it.o(i.SysTick_Handler) for SysTick_Handler
    startup_stm32f10x_hd.o(RESET) refers to encoder.o(i.EXTI0_IRQHandler) for EXTI0_IRQHandler
    startup_stm32f10x_hd.o(RESET) refers to encoder.o(i.EXTI1_IRQHandler) for EXTI1_IRQHandler
[...]
    Removing stm32f10x_usart.o(i.USART_SmartCardCmd), (24 bytes).
    Removing stm32f10x_usart.o(i.USART_SmartCardNACKCmd), (24 bytes).
    Removing stm32f10x_usart.o(i.USART_StructInit), (24 bytes).
    Removing stm32f10x_usart.o(i.USART_WakeUpConfig), (18 bytes).
    Removing stm32f10x_wwdg.o(i.WWDG_ClearFlag), (12 bytes).
    Removing stm32f10x_wwdg.o(i.WWDG_DeInit), (22 bytes).
    Removing stm32f10x_wwdg.o(i.WWDG_Enable), (16 bytes).
    Removing stm32f10x_wwdg.o(i.WWDG_EnableIT), (12 bytes).
    Removing stm32f10x_wwdg.o(i.WWDG_GetFlagStatus), (12 bytes).
    Removing stm32f10x_wwdg.o(i.WWDG_SetCounter), (16 bytes).
    Removing stm32f10x_wwdg.o(i.WWDG_SetPrescaler), (24 bytes).
    Removing stm32f10x_wwdg.o(i.WWDG_SetWindowValue), (40 bytes).
    Removing oled.o(i.OLED_ColorTurn), (28 bytes).
    Removing oled.o(i.OLED_DisPlay_Off), (28 bytes).
    Removing oled.o(i.OLED_DisPlay_On), (28 bytes).
    Removing oled.o(i.OLED_DisplayTurn), (44 bytes).
    Removing oled.o(i.OLED_DrawCircle), (168 bytes).
    Removing oled.o(i.OLED_ScrollDisplay), (172 bytes).
    Removing oled.o(i.OLED_ShowPicture), (210 bytes).
    Removing led.o(i.LED_Init), (76 bytes).
    Removing display.o(i.CaiQuan_Dispay), (204 bytes).
    Removing display.o(i.HuaQuan_Dispay), (180 bytes).
    Removing encoder.o(i.Encoder_Get), (20 bytes).
    Removing encoder.o(.data), (2 bytes).
    Removing kalman.o(i.kalman_filter), (312 bytes).
    Removing kalman.o(.data), (44 bytes).
    Removing timer.o(i.TIM3_Int_Init), (96 bytes).
    Removing timer.o(i.TIMER_Zhun), (84 bytes).

475 unused section(s) (total 19682 bytes) removed from the image.

==============================================================================

Image Symbol Table

    Local Symbols

    Symbol Name                              Value     Ov Type        Size  Object(Section)

    ../clib/angel/boardlib.s                 0x00000000   Number         0  boardshut.o ABSOLUTE
    ../clib/angel/boardlib.s                 0x00000000   Number         0  boardinit3.o ABSOLUTE
    ../clib/angel/boardlib.s                 0x00000000   Number         0  boardinit2.o ABSOLUTE
    ../clib/angel/boardlib.s                 0x00000000   Number         0  boardinit1.o ABSOLUTE
    ../clib/angel/handlers.s                 0x00000000   Number         0  __scatter_copy.o ABSOLUTE
    ../clib/angel/handlers.s                 0x00000000   Number         0  __scatter_zi.o ABSOLUTE
    ../clib/angel/kernel.s                   0x00000000   Number         0  __rtentry4.o ABSOLUTE
    ../clib/angel/kernel.s                   0x00000000   Number         0  __rtentry2.o ABSOLUTE
    ../clib/angel/kernel.s                   0x00000000   Number         0  rtexit.o ABSOLUTE
    ../clib/angel/kernel.s                   0x00000000   Number         0  __rtentry.o ABSOLUTE
    ../clib/angel/kernel.s                   0x00000000   Number         0  rtexit2.o ABSOLUTE
    ../clib/angel/rt.s                       0x00000000   Number         0  rt_raise.o ABSOLUTE
    ../clib/angel/scatter.s                  0x00000000   Number         0  __scatter.o ABSOLUTE
    ../clib/angel/startup.s                  0x00000000   Number         0  __main.o ABSOLUTE
    ../clib/angel/sys.s                      0x00000000   Number         0  sys_stackheap_outer.o ABSOLUTE
    ../clib/angel/sys.s                      0x00000000   Number         0  indicate_semi.o ABSOLUTE
    ../clib/angel/sys.s                      0x00000000   Number         0  libspace.o ABSOLUTE
    ../clib/angel/sys.s                      0x00000000   Number         0  use_no_semi_2.o ABSOLUTE
    ../clib/angel/sys.s                      0x00000000   Number         0  use_no_semi.o ABSOLUTE
    ../clib/angel/sysapp.c                   0x00000000   Number         0  sys_wrch.o ABSOLUTE
    ../clib/angel/sysapp.c                   0x00000000   Number         0  sys_command.o ABSOLUTE
    ../clib/armsys.c                         0x00000000   Number         0  argv_veneer.o ABSOLUTE
    ../clib/armsys.c                         0x00000000   Number         0  argv_veneer.o ABSOLUTE
    ../clib/armsys.c                         0x00000000   Number         0  _get_argv_nomalloc.o ABSOLUTE
    ../clib/armsys.c                         0x00000000   Number         0  no_argv.o ABSOLUTE
    ../clib/heapalloc.c                      0x00000000   Number         0  hrguard.o ABSOLUTE
    ../clib/heapaux.c                        0x00000000   Number         0  heapauxi.o ABSOLUTE
    ../clib/libinit.s                        0x00000000   Number         0  libinit.o ABSOLUTE
    ../clib/libinit.s                        0x00000000   Number         0  libshutdown.o ABSOLUTE
    ../clib/libinit.s                        0x00000000   Number         0  libshutdown2.o ABSOLUTE
    ../clib/libinit.s                        0x00000000   Number         0  libinit2.o ABSOLUTE
    ../clib/signal.c                         0x00000000   Number         0  defsig_abrt_inner.o ABSOLUTE
    ../clib/signal.c                         0x00000000   Number         0  defsig_fpe_inner.o ABSOLUTE
    ../clib/signal.c                         0x00000000   Number         0  defsig_rtred_inner.o ABSOLUTE
    ../clib/signal.c                         0x00000000   Number         0  defsig_stak_inner.o ABSOLUTE
    ../clib/signal.c                         0x00000000   Number         0  defsig_pvfn_inner.o ABSOLUTE
    ../clib/signal.c                         0x00000000   Number         0  defsig_other.o ABSOLUTE
    ../clib/signal.c                         0x00000000   Number         0  defsig_segv_inner.o ABSOLUTE
    ../clib/signal.c                         0x00000000   Number         0  defsig_rtmem_outer.o ABSOLUTE
    ../clib/signal.c                         0x00000000   Number         0  defsig_rtmem_formal.o ABSOLUTE
    ../clib/signal.c                         0x00000000   Number         0  defsig_exit.o ABSOLUTE
    ../clib/signal.c                         0x00000000   Number         0  defsig_rtmem_inner.o ABSOLUTE
    ../clib/signal.c                         0x00000000   Number         0  __raise.o ABSOLUTE
    ../clib/signal.c                         0x00000000   Number         0  defsig_general.o ABSOLUTE
    ../clib/signal.c                         0x00000000   Number         0  defsig_cppl_inner.o ABSOLUTE
    ../clib/signal.s                         0x00000000   Number         0  defsig.o ABSOLUTE
    ../clib/stdlib.c                         0x00000000   Number         0  exit.o ABSOLUTE
    ../fplib/d2f.s                           0x00000000   Number         0  d2f.o ABSOLUTE
    ../fplib/daddsub.s                       0x00000000   Number         0  daddsub_clz.o ABSOLUTE
    ../fplib/dcmpi.s                         0x00000000   Number         0  dcmpi.o ABSOLUTE
    ../fplib/ddiv.s                          0x00000000   Number         0  ddiv.o ABSOLUTE
    ../fplib/dflt.s                          0x00000000   Number         0  dflt_clz.o ABSOLUTE
    ../fplib/dleqf.s                         0x00000000   Number         0  dleqf.o ABSOLUTE
    ../fplib/dnaninf.s                       0x00000000   Number         0  dnaninf.o ABSOLUTE
    ../fplib/dretinf.s                       0x00000000   Number         0  dretinf.o ABSOLUTE
    ../fplib/drleqf.s                        0x00000000   Number         0  drleqf.o ABSOLUTE
    ../fplib/f2d.s                           0x00000000   Number         0  f2d.o ABSOLUTE
    ../fplib/faddsub.s                       0x00000000   Number         0  faddsub_clz.o ABSOLUTE
    ../fplib/fcmpi.s                         0x00000000   Number         0  fcmpi.o ABSOLUTE
    ../fplib/fdiv.s                          0x00000000   Number         0  fdiv.o ABSOLUTE
    ../fplib/feqf.s                          0x00000000   Number         0  feqf.o ABSOLUTE
    ../fplib/fflt.s                          0x00000000   Number         0  fflt_clz.o ABSOLUTE
    ../fplib/fleqf.s                         0x00000000   Number         0  fleqf.o ABSOLUTE
    ../fplib/fmul.s                          0x00000000   Number         0  fmul.o ABSOLUTE
    ../fplib/fnaninf.s                       0x00000000   Number         0  fnaninf.o ABSOLUTE
    ../fplib/fpinit.s                        0x00000000   Number         0  fpinit.o ABSOLUTE
    ../fplib/fretinf.s                       0x00000000   Number         0  fretinf.o ABSOLUTE
    ../fplib/frleqf.s                        0x00000000   Number         0  frleqf.o ABSOLUTE
    ../fplib/usenofp.s                       0x00000000   Number         0  usenofp.o ABSOLUTE
    ..\CORE\core_cm3.c                       0x00000000   Number         0  core_cm3.o ABSOLUTE
    ..\CORE\startup_stm32f10x_hd.s           0x00000000   Number         0  startup_stm32f10x_hd.o ABSOLUTE
    ..\HARDWARE\DISPLAY\Display.c            0x00000000   Number         0  display.o ABSOLUTE
    ..\HARDWARE\ENCODER\Encoder.c            0x00000000   Number         0  encoder.o ABSOLUTE
    ..\HARDWARE\FDC2214\fdc2214.c            0x00000000   Number         0  fdc2214.o ABSOLUTE
    ..\HARDWARE\JUDGE\Judge.c                0x00000000   Number         0  judge.o ABSOLUTE
    ..\HARDWARE\KALMAN\kalman.c              0x00000000   Number         0  kalman.o ABSOLUTE
    ..\HARDWARE\KEY\Key.c                    0x00000000   Number         0  key.o ABSOLUTE
    ..\HARDWARE\LED\led.c                    0x00000000   Number         0  led.o ABSOLUTE
    ..\HARDWARE\OLED\oled.c                  0x00000000   Number         0  oled.o ABSOLUTE
    ..\HARDWARE\TIMER\timer.c                0x00000000   Number         0  timer.o ABSOLUTE
    ..\STM32F10x_FWLib\src\misc.c            0x00000000   Number         0  misc.o ABSOLUTE
    ..\STM32F10x_FWLib\src\stm32f10x_adc.c   0x00000000   Number         0  stm32f10x_adc.o ABSOLUTE
    ..\STM32F10x_FWLib\src\stm32f10x_bkp.c   0x00000000   Number         0  stm32f10x_bkp.o ABSOLUTE
    ..\STM32F10x_FWLib\src\stm32f10x_can.c   0x00000000   Number         0  stm32f10x_can.o ABSOLUTE
    ..\STM32F10x_FWLib\src\stm32f10x_cec.c   0x00000000   Number         0  stm32f10x_cec.o ABSOLUTE
    ..\STM32F10x_FWLib\src\stm32f10x_crc.c   0x00000000   Number         0  stm32f10x_crc.o ABSOLUTE
    ..\STM32F10x_FWLib\src\stm32f10x_dac.c   0x00000000   Number         0  stm32f10x_dac.o ABSOLUTE
    ..\STM32F10x_FWLib\src\stm32f10x_dbgmcu.c 0x00000000   Number         0  stm32f10x_dbgmcu.o ABSOLUTE
    ..\STM32F10x_FWLib\src\stm32f10x_dma.c   0x00000000   Number         0  stm32f10x_dma.o ABSOLUTE
    ..\STM32F10x_FWLib\src\stm32f10x_exti.c  0x00000000   Number         0  stm32f10x_exti.o ABSOLUTE
    ..\STM32F10x_FWLib\src\stm32f10x_flash.c 0x00000000   Number         0  stm32f10x_flash.o ABSOLUTE
    ..\STM32F10x_FWLib\src\stm32f10x_fsmc.c  0x00000000   Number         0  stm32f10x_fsmc.o ABSOLUTE
    ..\STM32F10x_FWLib\src\stm32f10x_gpio.c  0x00000000   Number         0  stm32f10x_gpio.o ABSOLUTE
    ..\STM32F10x_FWLib\src\stm32f10x_i2c.c   0x00000000   Number         0  stm32f10x_i2c.o ABSOLUTE
    ..\STM32F10x_FWLib\src\stm32f10x_iwdg.c  0x00000000   Number         0  stm32f10x_iwdg.o ABSOLUTE
    ..\STM32F10x_FWLib\src\stm32f10x_pwr.c   0x00000000   Number         0  stm32f10x_pwr.o ABSOLUTE
    ..\STM32F10x_FWLib\src\stm32f10x_rcc.c   0x00000000   Number         0  stm32f10x_rcc.o ABSOLUTE
    ..\STM32F10x_FWLib\src\stm32f10x_rtc.c   0x00000000   Number         0  stm32f10x_rtc.o ABSOLUTE
    ..\STM32F10x_FWLib\src\stm32f10x_sdio.c  0x00000000   Number         0  stm32f10x_sdio.o ABSOLUTE
    ..\STM32F10x_FWLib\src\stm32f10x_spi.c   0x00000000   Number         0  stm32f10x_spi.o ABSOLUTE
    ..\STM32F10x_FWLib\src\stm32f10x_tim.c   0x00000000   Number         0  stm32f10x_tim.o ABSOLUTE
    ..\STM32F10x_FWLib\src\stm32f10x_usart.c 0x00000000   Number         0  stm32f10x_usart.o ABSOLUTE
    ..\STM32F10x_FWLib\src\stm32f10x_wwdg.c  0x00000000   Number         0  stm32f10x_wwdg.o ABSOLUTE
    ..\SYSTEM\delay\delay.c                  0x00000000   Number         0  delay.o ABSOLUTE
    ..\SYSTEM\sys\sys.c                      0x00000000   Number         0  sys.o ABSOLUTE
    ..\SYSTEM\usart\usart.c                  0x00000000   Number         0  usart.o ABSOLUTE
    ..\\CORE\\core_cm3.c                     0x00000000   Number         0  core_cm3.o ABSOLUTE
    ..\\SYSTEM\\sys\\sys.c                   0x00000000   Number         0  sys.o ABSOLUTE
    dc.s                                     0x00000000   Number         0  dc.o ABSOLUTE
    main.c                                   0x00000000   Number         0  main.o ABSOLUTE
    stm32f10x_it.c                           0x00000000   Number         0  stm32f10x_it.o ABSOLUTE
    system_stm32f10x.c                       0x00000000   Number         0  system_stm32f10x.o ABSOLUTE
    RESET                                    0x08000000   Section      304  startup_stm32f10x_hd.o(RESET)
    !!!main                                  0x08000130   Section        8  __main.o(!!!main)
    !!!scatter                               0x08000138   Section       52  __scatter.o(!!!scatter)
    !!handler_copy                           0x0800016c   Section       26  __scatter_copy.o(!!handler_copy)
    !!handler_zi                             0x08000188   Section       28  __scatter_zi.o(!!handler_zi)
    .ARM.Collect$$libinit$$00000000          0x080001a4   Section        2  libinit.o(.ARM.Collect$$libinit$$00000000)
    .ARM.Collect$$libinit$$00000002          0x080001a6   Section        0  libinit2.o(.ARM.Collect$$libinit$$00000002)
    .ARM.Collect$$libinit$$00000004          0x080001a6   Section        0  libinit2.o(.ARM.Collect$$libinit$$00000004)
    .ARM.Collect$$libinit$$0000000A          0x080001a6   Section        0  libinit2.o(.ARM.Collect$$libinit$$0000000A)
    .ARM.Collect$$libinit$$0000000C          0x080001a6   Section        0  libinit2.o(.ARM.Collect$$libinit$$0000000C)
    .ARM.Collect$$libinit$$0000000E          0x080001a6   Section        0  libinit2.o(.ARM.Collect$$libinit$$0000000E)
    .ARM.Collect$$libinit$$00000011          0x080001a6   Section        0  libinit2.o(.ARM.Collect$$libinit$$00000011)
    .ARM.Collect$$libinit$$00000013          0x080001a6   Section        0  libinit2.o(.ARM.Collect$$libinit$$00000013)
    .ARM.Collect$$libinit$$00000015          0x080001a6   Section        0  libinit2.o(.ARM.Collect$$libinit$$00000015)
    .ARM.Collect$$libinit$$00000017          0x080001a6   Section        0  libinit2.o(.ARM.Collect$$libinit$$00000017)
    .ARM.Collect$$libinit$$00000019          0x080001a6   Section        0  libinit2.o(.ARM.Collect$$libinit$$00000019)
    .ARM.Collect$$libinit$$0000001B          0x080001a6   Section        0  libinit2.o(.ARM.Collect$$libinit$$0000001B)
    .ARM.Collect$$libinit$$0000001D          0x080001a6   Section        0  libinit2.o(.ARM.Collect$$libinit$$0000001D)
    .ARM.Collect$$libinit$$0000001F          0x080001a6   Section        0  libinit2.o(.ARM.Collect$$libinit$$0000001F)
    .ARM.Collect$$libinit$$00000021          0x080001a6   Section        0  libinit2.o(.ARM.Collect$$libinit$$00000021)
    .ARM.Collect$$libinit$$00000023          0x080001a6   Section        0  libinit2.o(.ARM.Collect$$libinit$$00000023)
    .ARM.Collect$$libinit$$00000025          0x080001a6   Section        0  libinit2.o(.ARM.Collect$$libinit$$00000025)
    .ARM.Collect$$libinit$$0000002C          0x080001a6   Section        0  libinit2.o(.ARM.Collect$$libinit$$0000002C)
    .ARM.Collect$$libinit$$0000002E          0x080001a6   Section        0  libinit2.o(.ARM.Collect$$libinit$$0000002E)
    .ARM.Collect$$libinit$$00000030          0x080001a6   Section        0  libinit2.o(.ARM.Collect$$libinit$$00000030)
    .ARM.Collect$$libinit$$00000032          0x080001a6   Section        0  libinit2.o(.ARM.Collect$$libinit$$00000032)
    .ARM.Collect$$libinit$$00000033          0x080001a6   Section        2  libinit2.o(.ARM.Collect$$libinit$$00000033)
    .ARM.Collect$$libshutdown$$00000000      0x080001a8   Section        2  libshutdown.o(.ARM.Collect$$libshutdown$$00000000)
    .ARM.Collect$$libshutdown$$00000002      0x080001aa   Section        0  libshutdown2.o(.ARM.Collect$$libshutdown$$00000002)
    .ARM.Collect$$libshutdown$$00000004      0x080001aa   Section        0  libshutdown2.o(.ARM.Collect$$libshutdown$$00000004)
    .ARM.Collect$$libshutdown$$00000006      0x080001aa   Section        0  libshutdown2.o(.ARM.Collect$$libshutdown$$00000006)
    .ARM.Collect$$libshutdown$$00000009      0x080001aa   Section        0  libshutdown2.o(.ARM.Collect$$libshutdown$$00000009)
    .ARM.Collect$$libshutdown$$0000000C      0x080001aa   Section        0  libshutdown2.o(.ARM.Collect$$libshutdown$$0000000C)
    .ARM.Collect$$libshutdown$$0000000E      0x080001aa   Section        0  libshutdown2.o(.ARM.Collect$$libshutdown$$0000000E)
    .ARM.Collect$$libshutdown$$00000011      0x080001aa   Section        0  libshutdown2.o(.ARM.Collect$$libshutdown$$00000011)
    .ARM.Collect$$libshutdown$$00000012      0x080001aa   Section        2  libshutdown2.o(.ARM.Collect$$libshutdown$$00000012)
    .ARM.Collect$$rtentry$$00000000          0x080001ac   Section        0  __rtentry.o(.ARM.Collect$$rtentry$$00000000)
    .ARM.Collect$$rtentry$$00000002          0x080001ac   Section        0  __rtentry2.o(.ARM.Collect$$rtentry$$00000002)
    .ARM.Collect$$rtentry$$00000004          0x080001ac   Section        6  __rtentry4.o(.ARM.Collect$$rtentry$$00000004)
    .ARM.Collect$$rtentry$$00000009          0x080001b2   Section        0  __rtentry2.o(.ARM.Collect$$rtentry$$00000009)
    .ARM.Collect$$rtentry$$0000000A          0x080001b2   Section        4  __rtentry2.o(.ARM.Collect$$rtentry$$0000000A)
    .ARM.Collect$$rtentry$$0000000C          0x080001b6   Section        0  __rtentry2.o(.ARM.Collect$$rtentry$$0000000C)
    .ARM.Collect$$rtentry$$0000000D          0x080001b6   Section        8  __rtentry2.o(.ARM.Collect$$rtentry$$0000000D)
    .ARM.Collect$$rtexit$$00000000           0x080001be   Section        2  rtexit.o(.ARM.Collect$$rtexit$$00000000)
    .ARM.Collect$$rtexit$$00000002           0x080001c0   Section        0  rtexit2.o(.ARM.Collect$$rtexit$$00000002)
    .ARM.Collect$$rtexit$$00000003           0x080001c0   Section        4  rtexit2.o(.ARM.Collect$$rtexit$$00000003)
    .ARM.Collect$$rtexit$$00000004           0x080001c4   Section        6  rtexit2.o(.ARM.Collect$$rtexit$$00000004)
    .text                                    0x080001cc   Section       64  startup_stm32f10x_hd.o(.text)
    .text                                    0x0800020c   Section        2  use_no_semi_2.o(.text)
    .text                                    0x0800020e   Section        0  heapauxi.o(.text)
    .text                                    0x08000214   Section        2  use_no_semi.o(.text)
    .text                                    0x08000216   Section       74  sys_stackheap_outer.o(.text)
    .text                                    0x08000260   Section        0  exit.o(.text)
    .text                                    0x08000274   Section        8  libspace.o(.text)
    i.Back_Press                             0x0800027c   Section        0  key.o(i.Back_Press)
    i.BusFault_Handler                       0x080002c0   Section        0  stm32f10x_it.o(i.BusFault_Handler)
    i.CaiQuan_judgement                      0x080002c4   Section        0  judge.o(i.CaiQuan_judgement)
    i.Caiquan_Pratice                        0x080004b8   Section        0  judge.o(i.Caiquan_Pratice)
    i.Cap_Calculate                          0x08000644   Section        0  fdc2214.o(i.Cap_Calculate)
    i.ChuShi                                 0x0800068c   Section        0  display.o(i.ChuShi)
    i.Confirm_Press                          0x080006e0   Section        0  key.o(i.Confirm_Press)
    i.DebugMon_Handler                       0x080007d8   Section        0  stm32f10x_it.o(i.DebugMon_Handler)
    i.EXTI0_IRQHandler                       0x080007dc   Section        0  encoder.o(i.EXTI0_IRQHandler)
    i.EXTI1_IRQHandler                       0x08000810   Section        0  encoder.o(i.EXTI1_IRQHandler)
    i.EXTI_ClearITPendingBit                 0x08000844   Section        0  stm32f10x_exti.o(i.EXTI_ClearITPendingBit)
    i.EXTI_GetITStatus                       0x08000850   Section        0  stm32f10x_exti.o(i.EXTI_GetITStatus)
    i.EXTI_Init                              0x08000878   Section        0  stm32f10x_exti.o(i.EXTI_Init)
    i.Encoder_Init                           0x0800090c   Section        0  encoder.o(i.Encoder_Init)
    i.Enviro_Init_Dispaly                    0x080009a8   Section        0  display.o(i.Enviro_Init_Dispaly)
    i.FCD2214_ReadCH                         0x08000a50   Section        0  fdc2214.o(i.FCD2214_ReadCH)
    i.FDC2214_Init                           0x08000ac8   Section        0  fdc2214.o(i.FDC2214_Init)
    i.FDC_GPIO_Init                          0x08000bb2   Section        0  fdc2214.o(i.FDC_GPIO_Init)
    i.FDC_IIC_Ack                            0x08000bb4   Section        0  fdc2214.o(i.FDC_IIC_Ack)
    i.FDC_IIC_Delay                          0x08000bf0   Section        0  fdc2214.o(i.FDC_IIC_Delay)
    i.FDC_IIC_Init                           0x08000bfc   Section        0  fdc2214.o(i.FDC_IIC_Init)
    i.FDC_IIC_NAck                           0x08000c34   Section        0  fdc2214.o(i.FDC_IIC_NAck)
    i.FDC_IIC_Read_Byte                      0x08000c80   Section        0  fdc2214.o(i.FDC_IIC_Read_Byte)
    i.FDC_IIC_Send_Byte                      0x08000cec   Section        0  fdc2214.o(i.FDC_IIC_Send_Byte)
    i.FDC_IIC_Start                          0x08000d48   Section        0  fdc2214.o(i.FDC_IIC_Start)
    i.FDC_IIC_Stop                           0x08000d90   Section        0  fdc2214.o(i.FDC_IIC_Stop)
    i.FDC_IIC_Wait_Ack                       0x08000dd8   Section        0  fdc2214.o(i.FDC_IIC_Wait_Ack)
    i.FDC_Read                               0x08000e3c   Section        0  fdc2214.o(i.FDC_Read)
    i.Flag_Display                           0x08000e80   Section        0  display.o(i.Flag_Display)
    i.Flag_Reverse                           0x08000f04   Section        0  key.o(i.Flag_Reverse)
    i.GPIO_EXTILineConfig                    0x08000f38   Section        0  stm32f10x_gpio.o(i.GPIO_EXTILineConfig)
    i.GPIO_Init                              0x08000f78   Section        0  stm32f10x_gpio.o(i.GPIO_Init)
    i.GPIO_ReadInputDataBit                  0x0800108e   Section        0  stm32f10x_gpio.o(i.GPIO_ReadInputDataBit)
    i.GPIO_ResetBits                         0x080010a0   Section        0  stm32f10x_gpio.o(i.GPIO_ResetBits)
    i.GPIO_SetBits                           0x080010a4   Section        0  stm32f10x_gpio.o(i.GPIO_SetBits)
    i.HardFault_Handler                      0x080010a8   Section        0  stm32f10x_it.o(i.HardFault_Handler)
    i.HuaQuan_judgement                      0x080010ac   Section        0  judge.o(i.HuaQuan_judgement)
    i.Huaquan_Pratice                        0x0800134c   Section        0  judge.o(i.Huaquan_Pratice)
    i.I2C_Start                              0x080014ec   Section        0  oled.o(i.I2C_Start)
    i.I2C_Stop                               0x08001528   Section        0  oled.o(i.I2C_Stop)
    i.I2C_WaitAck                            0x08001554   Section        0  oled.o(i.I2C_WaitAck)
    i.IIC_delay                              0x08001588   Section        0  oled.o(i.IIC_delay)
    i.Key_Init                               0x08001598   Section        0  key.o(i.Key_Init)
    i.Learning_Dispaly                       0x080015e0   Section        0  display.o(i.Learning_Dispaly)
    i.Level0_Display                         0x08001674   Section        0  display.o(i.Level0_Display)
    i.Level1_Display                         0x08001784   Section        0  display.o(i.Level1_Display)
    i.Level2_Display                         0x08001900   Section        0  display.o(i.Level2_Display)
    i.MemManage_Handler                      0x08001a00   Section        0  stm32f10x_it.o(i.MemManage_Handler)
    i.NMI_Handler                            0x08001a04   Section        0  stm32f10x_it.o(i.NMI_Handler)
    i.NVIC_Configuration                     0x08001a06   Section        0  sys.o(i.NVIC_Configuration)
    i.NVIC_Init                              0x08001a14   Section        0  misc.o(i.NVIC_Init)
    i.NVIC_PriorityGroupConfig               0x08001a84   Section        0  misc.o(i.NVIC_PriorityGroupConfig)
    i.OLED_Clear                             0x08001a98   Section        0  oled.o(i.OLED_Clear)
    i.OLED_DrawLine                          0x08001ac8   Section        0  oled.o(i.OLED_DrawLine)
    i.OLED_DrawPoint                         0x08001b74   Section        0  oled.o(i.OLED_DrawPoint)
    i.OLED_Init                              0x08001bec   Section        0  oled.o(i.OLED_Init)
    i.OLED_Pow                               0x08001d0c   Section        0  oled.o(i.OLED_Pow)
    i.OLED_Refresh                           0x08001d24   Section        0  oled.o(i.OLED_Refresh)
    i.OLED_ShowChar                          0x08001d8c   Section        0  oled.o(i.OLED_ShowChar)
    i.OLED_ShowChinese                       0x08001ec8   Section        0  oled.o(i.OLED_ShowChinese)
    i.OLED_ShowNum                           0x08001fc8   Section        0  oled.o(i.OLED_ShowNum)
    i.OLED_ShowString                        0x08002054   Section        0  oled.o(i.OLED_ShowString)
    i.OLED_WR_Byte                           0x0800209e   Section        0  oled.o(i.OLED_WR_Byte)
    i.PendSV_Handler                         0x080020d6   Section        0  stm32f10x_it.o(i.PendSV_Handler)
    i.RCC_APB2PeriphClockCmd                 0x080020d8   Section        0  stm32f10x_rcc.o(i.RCC_APB2PeriphClockCmd)
    i.RCC_GetClocksFreq                      0x080020f8   Section        0  stm32f10x_rcc.o(i.RCC_GetClocksFreq)
    i.SVC_Handler                            0x080021cc   Section        0  stm32f10x_it.o(i.SVC_Handler)
    i.Screen_Display                         0x080021d0   Section        0  display.o(i.Screen_Display)
    i.Send_Byte                              0x080021f8   Section        0  oled.o(i.Send_Byte)
    i.SetSysClock                            0x0800224c   Section        0  system_stm32f10x.o(i.SetSysClock)
    SetSysClock                              0x0800224d   Thumb Code     8  system_stm32f10x.o(i.SetSysClock)
    i.SetSysClockTo72                        0x08002254   Section        0  system_stm32f10x.o(i.SetSysClockTo72)
    SetSysClockTo72                          0x08002255   Thumb Code   214  system_stm32f10x.o(i.SetSysClockTo72)
    i.Set_FDC2214                            0x08002334   Section        0  fdc2214.o(i.Set_FDC2214)
    i.Start_Display                          0x08002390   Section        0  display.o(i.Start_Display)
    i.SysTick_CLKSourceConfig                0x0800241c   Section        0  misc.o(i.SysTick_CLKSourceConfig)
    i.SysTick_Handler                        0x08002444   Section        0  stm32f10x_it.o(i.SysTick_Handler)
    i.Sys_Init                               0x08002446   Section        0  main.o(i.Sys_Init)
    i.SystemInit                             0x08002478   Section        0  system_stm32f10x.o(i.SystemInit)
    i.TIM3_IRQHandler                        0x080024d8   Section        0  timer.o(i.TIM3_IRQHandler)
    i.TIM_ClearITPendingBit                  0x0800251c   Section        0  stm32f10x_tim.o(i.TIM_ClearITPendingBit)
    i.TIM_GetITStatus                        0x08002522   Section        0  stm32f10x_tim.o(i.TIM_GetITStatus)
    i.TrainFinish_Dispay                     0x08002544   Section        0  display.o(i.TrainFinish_Dispay)
    i.USART1_IRQHandler                      0x08002590   Section        0  usart.o(i.USART1_IRQHandler)
    i.USART_Cmd                              0x08002618   Section        0  stm32f10x_usart.o(i.USART_Cmd)
    i.USART_GetITStatus                      0x08002630   Section        0  stm32f10x_usart.o(i.USART_GetITStatus)
    i.USART_ITConfig                         0x08002684   Section        0  stm32f10x_usart.o(i.USART_ITConfig)
    i.USART_Init                             0x080026d0   Section        0  stm32f10x_usart.o(i.USART_Init)
    i.USART_ReceiveData                      0x080027a8   Section        0  stm32f10x_usart.o(i.USART_ReceiveData)
    i.UsageFault_Handler                     0x080027b2   Section        0  stm32f10x_it.o(i.UsageFault_Handler)
    i._sys_exit                              0x080027b6   Section        0  usart.o(i._sys_exit)
    i.delay_init                             0x080027bc   Section        0  delay.o(i.delay_init)
    i.delay_ms                               0x08002800   Section        0  delay.o(i.delay_ms)
    i.delay_us                               0x0800284c   Section        0  delay.o(i.delay_us)
    i.main                                   0x08002898   Section        0  main.o(i.main)
    i.uart_init                              0x080028b8   Section        0  usart.o(i.uart_init)
    x$fpl$d2f                                0x08002958   Section       98  d2f.o(x$fpl$d2f)
    x$fpl$dadd                               0x080029bc   Section      336  daddsub_clz.o(x$fpl$dadd)
    _dadd1                                   0x080029cd   Thumb Code     0  daddsub_clz.o(x$fpl$dadd)
    x$fpl$dcmpinf                            0x08002b0c   Section       24  dcmpi.o(x$fpl$dcmpinf)
    x$fpl$ddiv                               0x08002b24   Section      688  ddiv.o(x$fpl$ddiv)
    ddiv_entry                               0x08002b2b   Thumb Code     0  ddiv.o(x$fpl$ddiv)
    x$fpl$dfltu                              0x08002dd4   Section       38  dflt_clz.o(x$fpl$dfltu)
    x$fpl$dleqf                              0x08002dfc   Section      120  dleqf.o(x$fpl$dleqf)
    x$fpl$dnaninf                            0x08002e74   Section      156  dnaninf.o(x$fpl$dnaninf)
    x$fpl$dretinf                            0x08002f10   Section       12  dretinf.o(x$fpl$dretinf)
    x$fpl$drleqf                             0x08002f1c   Section      108  drleqf.o(x$fpl$drleqf)
    x$fpl$dsub                               0x08002f88   Section      468  daddsub_clz.o(x$fpl$dsub)
    _dsub1                                   0x08002f99   Thumb Code     0  daddsub_clz.o(x$fpl$dsub)
    x$fpl$f2d                                0x0800315c   Section       86  f2d.o(x$fpl$f2d)
    x$fpl$fadd                               0x080031b4   Section      196  faddsub_clz.o(x$fpl$fadd)
    _fadd1                                   0x080031c3   Thumb Code     0  faddsub_clz.o(x$fpl$fadd)
    x$fpl$fcmpinf                            0x08003278   Section       24  fcmpi.o(x$fpl$fcmpinf)
    x$fpl$fdiv                               0x08003290   Section      388  fdiv.o(x$fpl$fdiv)
    _fdiv1                                   0x08003291   Thumb Code     0  fdiv.o(x$fpl$fdiv)
    x$fpl$feqf                               0x08003414   Section      104  feqf.o(x$fpl$feqf)
    x$fpl$fleqf                              0x0800347c   Section      104  fleqf.o(x$fpl$fleqf)
    x$fpl$fmul                               0x080034e4   Section      258  fmul.o(x$fpl$fmul)
    x$fpl$fnaninf                            0x080035e6   Section      140  fnaninf.o(x$fpl$fnaninf)
    x$fpl$fretinf                            0x08003672   Section       10  fretinf.o(x$fpl$fretinf)
    x$fpl$frleqf                             0x0800367c   Section       98  frleqf.o(x$fpl$frleqf)
    x$fpl$fsub                               0x080036e0   Section      234  faddsub_clz.o(x$fpl$fsub)
    _fsub1                                   0x080036ef   Thumb Code     0  faddsub_clz.o(x$fpl$fsub)
    .constdata                               0x080037ca   Section     9936  oled.o(.constdata)
    x$fpl$usenofp                            0x080037ca   Section        0  usenofp.o(x$fpl$usenofp)
    .data                                    0x20000000   Section       21  main.o(.data)
    .data                                    0x20000018   Section       20  system_stm32f10x.o(.data)
    .data                                    0x2000002c   Section        4  delay.o(.data)
    fac_us                                   0x2000002c   Data           1  delay.o(.data)
    fac_ms                                   0x2000002e   Data           2  delay.o(.data)
    .data                                    0x20000030   Section        6  usart.o(.data)
    .data                                    0x20000036   Section       20  stm32f10x_rcc.o(.data)
    APBAHBPrescTable                         0x20000036   Data          16  stm32f10x_rcc.o(.data)
    ADCPrescTable                            0x20000046   Data           4  stm32f10x_rcc.o(.data)
    .data                                    0x2000004c   Section        4  fdc2214.o(.data)
    .data                                    0x20000050   Section        4  timer.o(.data)
    .bss                                     0x20000054   Section       36  main.o(.bss)
    .bss                                     0x20000078   Section      200  usart.o(.bss)
    .bss                                     0x20000140   Section     1152  oled.o(.bss)
    .bss                                     0x200005c0   Section       96  libspace.o(.bss)
    HEAP                                     0x20000620   Section      512  startup_stm32f10x_hd.o(HEAP)
    Heap_Mem                                 0x20000620   Data         512  startup_stm32f10x_hd.o(HEAP)
    STACK                                    0x20000820   Section     1024  startup_stm32f10x_hd.o(STACK)
    Stack_Mem                                0x20000820   Data        1024  startup_stm32f10x_hd.o(STACK)
    __initial_sp                             0x20000c20   Data           0  startup_stm32f10x_hd.o(STACK)

    Global Symbols

    Symbol Name                              Value     Ov Type        Size  Object(Section)

    BuildAttributes$$THM_ISAv4$P$D$K$B$S$PE$A:L22UL41UL21$X:L11$S22US41US21$IEEE1$IW$USESV6$~STKCKD$USESV7$~SHL$OSPACE$ROPI$EBA8$UX$STANDARDLIB$REQ8$PRES8$EABIv2 0x00000000   Number         0  anon$$obj.o ABSOLUTE
    __ARM_use_no_argv                        0x00000000   Number         0  main.o ABSOLUTE
    __ARM_exceptions_init                     - Undefined Weak Reference
    __alloca_initialize                       - Undefined Weak Reference
    __arm_fini_                               - Undefined Weak Reference
    __arm_preinit_                            - Undefined Weak Reference
    __cpp_initialize__aeabi_                  - Undefined Weak Reference
    __cxa_finalize                            - Undefined Weak Reference
    __rt_locale                               - Undefined Weak Reference
    __sigvec_lookup                           - Undefined Weak Reference
    _atexit_init                              - Undefined Weak Reference
    _call_atexit_fns                          - Undefined Weak Reference
    _clock_init                               - Undefined Weak Reference
    _fp_trap_init                             - Undefined Weak Reference
    _fp_trap_shutdown                         - Undefined Weak Reference
    _get_lc_collate                           - Undefined Weak Reference
    _get_lc_ctype                             - Undefined Weak Reference
    _get_lc_monetary                          - Undefined Weak Reference
    _get_lc_numeric                           - Undefined Weak Reference
    _get_lc_time                              - Undefined Weak Reference
    _getenv_init                              - Undefined Weak Reference
    _handle_redirection                       - Undefined Weak Reference
    _init_alloc                               - Undefined Weak Reference
    _init_user_alloc                          - Undefined Weak Reference
    _initio                                   - Undefined Weak Reference
    _rand_init                                - Undefined Weak Reference
    _signal_finish                            - Undefined Weak Reference
    _signal_init                              - Undefined Weak Reference
    _terminate_alloc                          - Undefined Weak Reference
    _terminate_user_alloc                     - Undefined Weak Reference
    _terminateio                              - Undefined Weak Reference
    __Vectors_Size                           0x00000130   Number         0  startup_stm32f10x_hd.o ABSOLUTE
    __Vectors                                0x08000000   Data           4  startup_stm32f10x_hd.o(RESET)
    __Vectors_End                            0x08000130   Data           0  startup_stm32f10x_hd.o(RESET)
    __main                                   0x08000131   Thumb Code     8  __main.o(!!!main)
    __scatterload                            0x08000139   Thumb Code     0  __scatter.o(!!!scatter)
    __scatterload_rt2                        0x08000139   Thumb Code    44  __scatter.o(!!!scatter)
    __scatterload_rt2_thumb_only             0x08000139   Thumb Code     0  __scatter.o(!!!scatter)
    __scatterload_null                       0x08000147   Thumb Code     0  __scatter.o(!!!scatter)
    __scatterload_copy                       0x0800016d   Thumb Code    26  __scatter_copy.o(!!handler_copy)
    __scatterload_zeroinit                   0x08000189   Thumb Code    28  __scatter_zi.o(!!handler_zi)
    __rt_lib_init                            0x080001a5   Thumb Code     0  libinit.o(.ARM.Collect$$libinit$$00000000)
    __rt_lib_init_alloca_1                   0x080001a7   Thumb Code     0  libinit2.o(.ARM.Collect$$libinit$$0000002E)
    __rt_lib_init_argv_1                     0x080001a7   Thumb Code     0  libinit2.o(.ARM.Collect$$libinit$$0000002C)
    __rt_lib_init_atexit_1                   0x080001a7   Thumb Code     0  libinit2.o(.ARM.Collect$$libinit$$0000001B)
    __rt_lib_init_clock_1                    0x080001a7   Thumb Code     0  libinit2.o(.ARM.Collect$$libinit$$00000021)
    __rt_lib_init_cpp_1                      0x080001a7   Thumb Code     0  libinit2.o(.ARM.Collect$$libinit$$00000032)
    __rt_lib_init_exceptions_1               0x080001a7   Thumb Code     0  libinit2.o(.ARM.Collect$$libinit$$00000030)
    __rt_lib_init_fp_1                       0x080001a7   Thumb Code     0  libinit2.o(.ARM.Collect$$libinit$$00000002)
    __rt_lib_init_fp_trap_1                  0x080001a7   Thumb Code     0  libinit2.o(.ARM.Collect$$libinit$$0000001F)
    __rt_lib_init_getenv_1                   0x080001a7   Thumb Code     0  libinit2.o(.ARM.Collect$$libinit$$00000023)
    __rt_lib_init_heap_1                     0x080001a7   Thumb Code     0  libinit2.o(.ARM.Collect$$libinit$$0000000A)
    __rt_lib_init_lc_collate_1               0x080001a7   Thumb Code     0  libinit2.o(.ARM.Collect$$libinit$$00000011)
    __rt_lib_init_lc_ctype_1                 0x080001a7   Thumb Code     0  libinit2.o(.ARM.Collect$$libinit$$00000013)
    __rt_lib_init_lc_monetary_1              0x080001a7   Thumb Code     0  libinit2.o(.ARM.Collect$$libinit$$00000015)
    __rt_lib_init_lc_numeric_1               0x080001a7   Thumb Code     0  libinit2.o(.ARM.Collect$$libinit$$00000017)
    __rt_lib_init_lc_time_1                  0x080001a7   Thumb Code     0  libinit2.o(.ARM.Collect$$libinit$$00000019)
    __rt_lib_init_preinit_1                  0x080001a7   Thumb Code     0  libinit2.o(.ARM.Collect$$libinit$$00000004)
    __rt_lib_init_rand_1                     0x080001a7   Thumb Code     0  libinit2.o(.ARM.Collect$$libinit$$0000000E)
    __rt_lib_init_return                     0x080001a7   Thumb Code     0  libinit2.o(.ARM.Collect$$libinit$$00000033)
    __rt_lib_init_signal_1                   0x080001a7   Thumb Code     0  libinit2.o(.ARM.Collect$$libinit$$0000001D)
    __rt_lib_init_stdio_1                    0x080001a7   Thumb Code     0  libinit2.o(.ARM.Collect$$libinit$$00000025)
    __rt_lib_init_user_alloc_1               0x080001a7   Thumb Code     0  libinit2.o(.ARM.Collect$$libinit$$0000000C)
    __rt_lib_shutdown                        0x080001a9   Thumb Code     0  libshutdown.o(.ARM.Collect$$libshutdown$$00000000)
    __rt_lib_shutdown_cpp_1                  0x080001ab   Thumb Code     0  libshutdown2.o(.ARM.Collect$$libshutdown$$00000004)
    __rt_lib_shutdown_fini_1                 0x080001ab   Thumb Code     0  libshutdown2.o(.ARM.Collect$$libshutdown$$00000002)
    __rt_lib_shutdown_fp_trap_1              0x080001ab   Thumb Code     0  libshutdown2.o(.ARM.Collect$$libshutdown$$00000009)
    __rt_lib_shutdown_heap_1                 0x080001ab   Thumb Code     0  libshutdown2.o(.ARM.Collect$$libshutdown$$00000011)
    __rt_lib_shutdown_return                 0x080001ab   Thumb Code     0  libshutdown2.o(.ARM.Collect$$libshutdown$$00000012)
    __rt_lib_shutdown_signal_1               0x080001ab   Thumb Code     0  libshutdown2.o(.ARM.Collect$$libshutdown$$0000000C)
    __rt_lib_shutdown_stdio_1                0x080001ab   Thumb Code     0  libshutdown2.o(.ARM.Collect$$libshutdown$$00000006)
    __rt_lib_shutdown_user_alloc_1           0x080001ab   Thumb Code     0  libshutdown2.o(.ARM.Collect$$libshutdown$$0000000E)
    __rt_entry                               0x080001ad   Thumb Code     0  __rtentry.o(.ARM.Collect$$rtentry$$00000000)
    __rt_entry_presh_1                       0x080001ad   Thumb Code     0  __rtentry2.o(.ARM.Collect$$rtentry$$00000002)
    __rt_entry_sh                            0x080001ad   Thumb Code     0  __rtentry4.o(.ARM.Collect$$rtentry$$00000004)
    __rt_entry_li                            0x080001b3   Thumb Code     0  __rtentry2.o(.ARM.Collect$$rtentry$$0000000A)
    __rt_entry_postsh_1                      0x080001b3   Thumb Code     0  __rtentry2.o(.ARM.Collect$$rtentry$$00000009)
    __rt_entry_main                          0x080001b7   Thumb Code     0  __rtentry2.o(.ARM.Collect$$rtentry$$0000000D)
    __rt_entry_postli_1                      0x080001b7   Thumb Code     0  __rtentry2.o(.ARM.Collect$$rtentry$$0000000C)
    __rt_exit                                0x080001bf   Thumb Code     0  rtexit.o(.ARM.Collect$$rtexit$$00000000)
    __rt_exit_ls                             0x080001c1   Thumb Code     0  rtexit2.o(.ARM.Collect$$rtexit$$00000003)
    __rt_exit_prels_1                        0x080001c1   Thumb Code     0  rtexit2.o(.ARM.Collect$$rtexit$$00000002)
    __rt_exit_exit                           0x080001c5   Thumb Code     0  rtexit2.o(.ARM.Collect$$rtexit$$00000004)
    Reset_Handler                            0x080001cd   Thumb Code     8  startup_stm32f10x_hd.o(.text)
    ADC1_2_IRQHandler                        0x080001e7   Thumb Code     0  startup_stm32f10x_hd.o(.text)
    ADC3_IRQHandler                          0x080001e7   Thumb Code     0  startup_stm32f10x_hd.o(.text)
    CAN1_RX1_IRQHandler                      0x080001e7   Thumb Code     0  startup_stm32f10x_hd.o(.text)
    CAN1_SCE_IRQHandler                      0x080001e7   Thumb Code     0  startup_stm32f10x_hd.o(.text)
    DMA1_Channel1_IRQHandler                 0x080001e7   Thumb Code     0  startup_stm32f10x_hd.o(.text)
    DMA1_Channel2_IRQHandler                 0x080001e7   Thumb Code     0  startup_stm32f10x_hd.o(.text)
    DMA1_Channel3_IRQHandler                 0x080001e7   Thumb Code     0  startup_stm32f10x_hd.o(.text)
    DMA1_Channel4_IRQHandler                 0x080001e7   Thumb Code     0  startup_stm32f10x_hd.o(.text)
    DMA1_Channel5_IRQHandler                 0x080001e7   Thumb Code     0  startup_stm32f10x_hd.o(.text)
    DMA1_Channel6_IRQHandler                 0x080001e7   Thumb Code     0  startup_stm32f10x_hd.o(.text)
    DMA1_Channel7_IRQHandler                 0x080001e7   Thumb Code     0  startup_stm32f10x_hd.o(.text)
    DMA2_Channel1_IRQHandler                 0x080001e7   Thumb Code     0  startup_stm32f10x_hd.o(.text)
    DMA2_Channel2_IRQHandler                 0x080001e7   Thumb Code     0  startup_stm32f10x_hd.o(.text)
    DMA2_Channel3_IRQHandler                 0x080001e7   Thumb Code     0  startup_stm32f10x_hd.o(.text)
    DMA2_Channel4_5_IRQHandler               0x080001e7   Thumb Code     0  startup_stm32f10x_hd.o(.text)
    EXTI15_10_IRQHandler                     0x080001e7   Thumb Code     0  startup_stm32f10x_hd.o(.text)
    EXTI2_IRQHandler                         0x080001e7   Thumb Code     0  startup_stm32f10x_hd.o(.text)
    EXTI3_IRQHandler                         0x080001e7   Thumb Code     0  startup_stm32f10x_hd.o(.text)
    EXTI4_IRQHandler                         0x080001e7   Thumb Code     0  startup_stm32f10x_hd.o(.text)
    EXTI9_5_IRQHandler                       0x080001e7   Thumb Code     0  startup_stm32f10x_hd.o(.text)
    FLASH_IRQHandler                         0x080001e7   Thumb Code     0  startup_stm32f10x_hd.o(.text)
    FSMC_IRQHandler                          0x080001e7   Thumb Code     0  startup_stm32f10x_hd.o(.text)
    I2C1_ER_IRQHandler                       0x080001e7   Thumb Code     0  startup_stm32f10x_hd.o(.text)
    I2C1_EV_IRQHandler                       0x080001e7   Thumb Code     0  startup_stm32f10x_hd.o(.text)
    I2C2_ER_IRQHandler                       0x080001e7   Thumb Code     0  startup_stm32f10x_hd.o(.text)
    I2C2_EV_IRQHandler                       0x080001e7   Thumb Code     0  startup_stm32f10x_hd.o(.text)
    PVD_IRQHandler                           0x080001e7   Thumb Code     0  startup_stm32f10x_hd.o(.text)
    RCC_IRQHandler                           0x080001e7   Thumb Code     0  startup_stm32f10x_hd.o(.text)
    RTCAlarm_IRQHandler                      0x080001e7   Thumb Code     0  startup_stm32f10x_hd.o(.text)
    RTC_IRQHandler                           0x080001e7   Thumb Code     0  startup_stm32f10x_hd.o(.text)
    SDIO_IRQHandler                          0x080001e7   Thumb Code     0  startup_stm32f10x_hd.o(.text)
    SPI1_IRQHandler                          0x080001e7   Thumb Code     0  startup_stm32f10x_hd.o(.text)
    SPI2_IRQHandler                          0x080001e7   Thumb Code     0  startup_stm32f10x_hd.o(.text)
    SPI3_IRQHandler                          0x080001e7   Thumb Code     0  startup_stm32f10x_hd.o(.text)
    TAMPER_IRQHandler                        0x080001e7   Thumb Code     0  startup_stm32f10x_hd.o(.text)
    TIM1_BRK_IRQHandler                      0x080001e7   Thumb Code     0  startup_stm32f10x_hd.o(.text)
    TIM1_CC_IRQHandler                       0x080001e7   Thumb Code     0  startup_stm32f10x_hd.o(.text)
    TIM1_TRG_COM_IRQHandler                  0x080001e7   Thumb Code     0  startup_stm32f10x_hd.o(.text)
    TIM1_UP_IRQHandler                       0x080001e7   Thumb Code     0  startup_stm32f10x_hd.o(.text)
    TIM2_IRQHandler                          0x080001e7   Thumb Code     0  startup_stm32f10x_hd.o(.text)
    TIM4_IRQHandler                          0x080001e7   Thumb Code     0  startup_stm32f10x_hd.o(.text)
    TIM5_IRQHandler                          0x080001e7   Thumb Code     0  startup_stm32f10x_hd.o(.text)
    TIM6_IRQHandler                          0x080001e7   Thumb Code     0  startup_stm32f10x_hd.o(.text)
    TIM7_IRQHandler                          0x080001e7   Thumb Code     0  startup_stm32f10x_hd.o(.text)
    TIM8_BRK_IRQHandler                      0x080001e7   Thumb Code     0  startup_stm32f10x_hd.o(.text)
    TIM8_CC_IRQHandler                       0x080001e7   Thumb Code     0  startup_stm32f10x_hd.o(.text)
    TIM8_TRG_COM_IRQHandler                  0x080001e7   Thumb Code     0  startup_stm32f10x_hd.o(.text)
    TIM8_UP_IRQHandler                       0x080001e7   Thumb Code     0  startup_stm32f10x_hd.o(.text)
    UART4_IRQHandler                         0x080001e7   Thumb Code     0  startup_stm32f10x_hd.o(.text)
    UART5_IRQHandler                         0x080001e7   Thumb Code     0  startup_stm32f10x_hd.o(.text)
    USART2_IRQHandler                        0x080001e7   Thumb Code     0  startup_stm32f10x_hd.o(.text)
    USART3_IRQHandler                        0x080001e7   Thumb Code     0  startup_stm32f10x_hd.o(.text)
    USBWakeUp_IRQHandler                     0x080001e7   Thumb Code     0  startup_stm32f10x_hd.o(.text)
    USB_HP_CAN1_TX_IRQHandler                0x080001e7   Thumb Code     0  startup_stm32f10x_hd.o(.text)
    USB_LP_CAN1_RX0_IRQHandler               0x080001e7   Thumb Code     0  startup_stm32f10x_hd.o(.text)
    WWDG_IRQHandler                          0x080001e7   Thumb Code     0  startup_stm32f10x_hd.o(.text)
    __user_initial_stackheap                 0x080001e9   Thumb Code     0  startup_stm32f10x_hd.o(.text)
    __use_no_semihosting                     0x0800020d   Thumb Code     2  use_no_semi_2.o(.text)
    __use_two_region_memory                  0x0800020f   Thumb Code     2  heapauxi.o(.text)
    __rt_heap_escrow$2region                 0x08000211   Thumb Code     2  heapauxi.o(.text)
    __rt_heap_expand$2region                 0x08000213   Thumb Code     2  heapauxi.o(.text)
    __I$use$semihosting                      0x08000215   Thumb Code     0  use_no_semi.o(.text)
    __use_no_semihosting_swi                 0x08000215   Thumb Code     2  use_no_semi.o(.text)
    __user_setup_stackheap                   0x08000217   Thumb Code    74  sys_stackheap_outer.o(.text)
    exit                                     0x08000261   Thumb Code    18  exit.o(.text)
    __user_libspace                          0x08000275   Thumb Code     8  libspace.o(.text)
    __user_perproc_libspace                  0x08000275   Thumb Code     0  libspace.o(.text)
    __user_perthread_libspace                0x08000275   Thumb Code     0  libspace.o(.text)
    Back_Press                               0x0800027d   Thumb Code    58  key.o(i.Back_Press)
    BusFault_Handler                         0x080002c1   Thumb Code     4  stm32f10x_it.o(i.BusFault_Handler)
    CaiQuan_judgement                        0x080002c5   Thumb Code   470  judge.o(i.CaiQuan_judgement)
    Caiquan_Pratice                          0x080004b9   Thumb Code   368  judge.o(i.Caiquan_Pratice)
    Cap_Calculate                            0x08000645   Thumb Code    58  fdc2214.o(i.Cap_Calculate)
    ChuShi                                   0x0800068d   Thumb Code    84  display.o(i.ChuShi)
    Confirm_Press                            0x080006e1   Thumb Code   224  key.o(i.Confirm_Press)
    DebugMon_Handler                         0x080007d9   Thumb Code     2  stm32f10x_it.o(i.DebugMon_Handler)
    EXTI0_IRQHandler                         0x080007dd   Thumb Code    42  encoder.o(i.EXTI0_IRQHandler)
    EXTI1_IRQHandler                         0x08000811   Thumb Code    42  encoder.o(i.EXTI1_IRQHandler)
    EXTI_ClearITPendingBit                   0x08000845   Thumb Code     6  stm32f10x_exti.o(i.EXTI_ClearITPendingBit)
    EXTI_GetITStatus                         0x08000851   Thumb Code    34  stm32f10x_exti.o(i.EXTI_GetITStatus)
    EXTI_Init                                0x08000879   Thumb Code   142  stm32f10x_exti.o(i.EXTI_Init)
    Encoder_Init                             0x0800090d   Thumb Code   150  encoder.o(i.Encoder_Init)
    Enviro_Init_Dispaly                      0x080009a9   Thumb Code   154  display.o(i.Enviro_Init_Dispaly)
    FCD2214_ReadCH                           0x08000a51   Thumb Code   120  fdc2214.o(i.FCD2214_ReadCH)
    FDC2214_Init                             0x08000ac9   Thumb Code   234  fdc2214.o(i.FDC2214_Init)
    FDC_GPIO_Init                            0x08000bb3   Thumb Code     2  fdc2214.o(i.FDC_GPIO_Init)
    FDC_IIC_Ack                              0x08000bb5   Thumb Code    50  fdc2214.o(i.FDC_IIC_Ack)
    FDC_IIC_Delay                            0x08000bf1   Thumb Code    10  fdc2214.o(i.FDC_IIC_Delay)
    FDC_IIC_Init                             0x08000bfd   Thumb Code    50  fdc2214.o(i.FDC_IIC_Init)
    FDC_IIC_NAck                             0x08000c35   Thumb Code    62  fdc2214.o(i.FDC_IIC_NAck)
    FDC_IIC_Read_Byte                        0x08000c81   Thumb Code    94  fdc2214.o(i.FDC_IIC_Read_Byte)
    FDC_IIC_Send_Byte                        0x08000ced   Thumb Code    80  fdc2214.o(i.FDC_IIC_Send_Byte)
    FDC_IIC_Start                            0x08000d49   Thumb Code    60  fdc2214.o(i.FDC_IIC_Start)
    FDC_IIC_Stop                             0x08000d91   Thumb Code    58  fdc2214.o(i.FDC_IIC_Stop)
    FDC_IIC_Wait_Ack                         0x08000dd9   Thumb Code    86  fdc2214.o(i.FDC_IIC_Wait_Ack)
    FDC_Read                                 0x08000e3d   Thumb Code    66  fdc2214.o(i.FDC_Read)
    Flag_Display                             0x08000e81   Thumb Code   118  display.o(i.Flag_Display)
    Flag_Reverse                             0x08000f05   Thumb Code    44  key.o(i.Flag_Reverse)
    GPIO_EXTILineConfig                      0x08000f39   Thumb Code    60  stm32f10x_gpio.o(i.GPIO_EXTILineConfig)
    GPIO_Init                                0x08000f79   Thumb Code   278  stm32f10x_gpio.o(i.GPIO_Init)
    GPIO_ReadInputDataBit                    0x0800108f   Thumb Code    18  stm32f10x_gpio.o(i.GPIO_ReadInputDataBit)
    GPIO_ResetBits                           0x080010a1   Thumb Code     4  stm32f10x_gpio.o(i.GPIO_ResetBits)
    GPIO_SetBits                             0x080010a5   Thumb Code     4  stm32f10x_gpio.o(i.GPIO_SetBits)
    HardFault_Handler                        0x080010a9   Thumb Code     4  stm32f10x_it.o(i.HardFault_Handler)
    HuaQuan_judgement                        0x080010ad   Thumb Code   636  judge.o(i.HuaQuan_judgement)
    Huaquan_Pratice                          0x0800134d   Thumb Code   388  judge.o(i.Huaquan_Pratice)
    I2C_Start                                0x080014ed   Thumb Code    56  oled.o(i.I2C_Start)
    I2C_Stop                                 0x08001529   Thumb Code    38  oled.o(i.I2C_Stop)
    I2C_WaitAck                              0x08001555   Thumb Code    46  oled.o(i.I2C_WaitAck)
    IIC_delay                                0x08001589   Thumb Code    16  oled.o(i.IIC_delay)
    Key_Init                                 0x08001599   Thumb Code    64  key.o(i.Key_Init)
    Learning_Dispaly                         0x080015e1   Thumb Code   136  display.o(i.Learning_Dispaly)
    Level0_Display                           0x08001675   Thumb Code   270  display.o(i.Level0_Display)
    Level1_Display                           0x08001785   Thumb Code   374  display.o(i.Level1_Display)
    Level2_Display                           0x08001901   Thumb Code   248  display.o(i.Level2_Display)
    MemManage_Handler                        0x08001a01   Thumb Code     4  stm32f10x_it.o(i.MemManage_Handler)
    NMI_Handler                              0x08001a05   Thumb Code     2  stm32f10x_it.o(i.NMI_Handler)
    NVIC_Configuration                       0x08001a07   Thumb Code    12  sys.o(i.NVIC_Configuration)
    NVIC_Init                                0x08001a15   Thumb Code   100  misc.o(i.NVIC_Init)
    NVIC_PriorityGroupConfig                 0x08001a85   Thumb Code    10  misc.o(i.NVIC_PriorityGroupConfig)
    OLED_Clear                               0x08001a99   Thumb Code    42  oled.o(i.OLED_Clear)
    OLED_DrawLine                            0x08001ac9   Thumb Code   170  oled.o(i.OLED_DrawLine)
    OLED_DrawPoint                           0x08001b75   Thumb Code   114  oled.o(i.OLED_DrawPoint)
    OLED_Init                                0x08001bed   Thumb Code   284  oled.o(i.OLED_Init)
    OLED_Pow                                 0x08001d0d   Thumb Code    22  oled.o(i.OLED_Pow)
    OLED_Refresh                             0x08001d25   Thumb Code   100  oled.o(i.OLED_Refresh)
    OLED_ShowChar                            0x08001d8d   Thumb Code   300  oled.o(i.OLED_ShowChar)
    OLED_ShowChinese                         0x08001ec9   Thumb Code   240  oled.o(i.OLED_ShowChinese)
    OLED_ShowNum                             0x08001fc9   Thumb Code   140  oled.o(i.OLED_ShowNum)
    OLED_ShowString                          0x08002055   Thumb Code    74  oled.o(i.OLED_ShowString)
    OLED_WR_Byte                             0x0800209f   Thumb Code    56  oled.o(i.OLED_WR_Byte)
    PendSV_Handler                           0x080020d7   Thumb Code     2  stm32f10x_it.o(i.PendSV_Handler)
    RCC_APB2PeriphClockCmd                   0x080020d9   Thumb Code    26  stm32f10x_rcc.o(i.RCC_APB2PeriphClockCmd)
    RCC_GetClocksFreq                        0x080020f9   Thumb Code   192  stm32f10x_rcc.o(i.RCC_GetClocksFreq)
    SVC_Handler                              0x080021cd   Thumb Code     2  stm32f10x_it.o(i.SVC_Handler)
    Screen_Display                           0x080021d1   Thumb Code    34  display.o(i.Screen_Display)
    Send_Byte                                0x080021f9   Thumb Code    78  oled.o(i.Send_Byte)
    Set_FDC2214                              0x08002335   Thumb Code    90  fdc2214.o(i.Set_FDC2214)
    Start_Display                            0x08002391   Thumb Code   132  display.o(i.Start_Display)
    SysTick_CLKSourceConfig                  0x0800241d   Thumb Code    40  misc.o(i.SysTick_CLKSourceConfig)
    SysTick_Handler                          0x08002445   Thumb Code     2  stm32f10x_it.o(i.SysTick_Handler)
    Sys_Init                                 0x08002447   Thumb Code    48  main.o(i.Sys_Init)
    SystemInit                               0x08002479   Thumb Code    78  system_stm32f10x.o(i.SystemInit)
    TIM3_IRQHandler                          0x080024d9   Thumb Code    50  timer.o(i.TIM3_IRQHandler)
    TIM_ClearITPendingBit                    0x0800251d   Thumb Code     6  stm32f10x_tim.o(i.TIM_ClearITPendingBit)
    TIM_GetITStatus                          0x08002523   Thumb Code    34  stm32f10x_tim.o(i.TIM_GetITStatus)
    TrainFinish_Dispay                       0x08002545   Thumb Code    76  display.o(i.TrainFinish_Dispay)
    USART1_IRQHandler                        0x08002591   Thumb Code   122  usart.o(i.USART1_IRQHandler)
    USART_Cmd                                0x08002619   Thumb Code    24  stm32f10x_usart.o(i.USART_Cmd)
    USART_GetITStatus                        0x08002631   Thumb Code    84  stm32f10x_usart.o(i.USART_GetITStatus)
    USART_ITConfig                           0x08002685   Thumb Code    74  stm32f10x_usart.o(i.USART_ITConfig)
    USART_Init                               0x080026d1   Thumb Code   210  stm32f10x_usart.o(i.USART_Init)
    USART_ReceiveData                        0x080027a9   Thumb Code    10  stm32f10x_usart.o(i.USART_ReceiveData)
    UsageFault_Handler                       0x080027b3   Thumb Code     4  stm32f10x_it.o(i.UsageFault_Handler)
    _sys_exit                                0x080027b7   Thumb Code     4  usart.o(i._sys_exit)
    delay_init                               0x080027bd   Thumb Code    50  delay.o(i.delay_init)
    delay_ms                                 0x08002801   Thumb Code    72  delay.o(i.delay_ms)
    delay_us                                 0x0800284d   Thumb Code    72  delay.o(i.delay_us)
    main                                     0x08002899   Thumb Code    32  main.o(i.main)
    uart_init                                0x080028b9   Thumb Code   152  usart.o(i.uart_init)
    __aeabi_d2f                              0x08002959   Thumb Code     0  d2f.o(x$fpl$d2f)
    _d2f                                     0x08002959   Thumb Code    98  d2f.o(x$fpl$d2f)
    __aeabi_dadd                             0x080029bd   Thumb Code     0  daddsub_clz.o(x$fpl$dadd)
    _dadd                                    0x080029bd   Thumb Code   332  daddsub_clz.o(x$fpl$dadd)
    __fpl_dcmp_Inf                           0x08002b0d   Thumb Code    24  dcmpi.o(x$fpl$dcmpinf)
    __aeabi_ddiv                             0x08002b25   Thumb Code     0  ddiv.o(x$fpl$ddiv)
    _ddiv                                    0x08002b25   Thumb Code   552  ddiv.o(x$fpl$ddiv)
    __aeabi_ui2d                             0x08002dd5   Thumb Code     0  dflt_clz.o(x$fpl$dfltu)
    _dfltu                                   0x08002dd5   Thumb Code    38  dflt_clz.o(x$fpl$dfltu)
    __aeabi_cdcmple                          0x08002dfd   Thumb Code     0  dleqf.o(x$fpl$dleqf)
    _dcmple                                  0x08002dfd   Thumb Code   120  dleqf.o(x$fpl$dleqf)
    __fpl_dcmple_InfNaN                      0x08002e5f   Thumb Code     0  dleqf.o(x$fpl$dleqf)
    __fpl_dnaninf                            0x08002e75   Thumb Code   156  dnaninf.o(x$fpl$dnaninf)
    __fpl_dretinf                            0x08002f11   Thumb Code    12  dretinf.o(x$fpl$dretinf)
    __aeabi_cdrcmple                         0x08002f1d   Thumb Code     0  drleqf.o(x$fpl$drleqf)
    _drcmple                                 0x08002f1d   Thumb Code   108  drleqf.o(x$fpl$drleqf)
    __aeabi_dsub                             0x08002f89   Thumb Code     0  daddsub_clz.o(x$fpl$dsub)
    _dsub                                    0x08002f89   Thumb Code   464  daddsub_clz.o(x$fpl$dsub)
    __aeabi_f2d                              0x0800315d   Thumb Code     0  f2d.o(x$fpl$f2d)
    _f2d                                     0x0800315d   Thumb Code    86  f2d.o(x$fpl$f2d)
    __aeabi_fadd                             0x080031b5   Thumb Code     0  faddsub_clz.o(x$fpl$fadd)
    _fadd                                    0x080031b5   Thumb Code   196  faddsub_clz.o(x$fpl$fadd)
    __fpl_fcmp_Inf                           0x08003279   Thumb Code    24  fcmpi.o(x$fpl$fcmpinf)
    __aeabi_fdiv                             0x08003291   Thumb Code     0  fdiv.o(x$fpl$fdiv)
    _fdiv                                    0x08003291   Thumb Code   384  fdiv.o(x$fpl$fdiv)
    __aeabi_cfcmpeq                          0x08003415   Thumb Code     0  feqf.o(x$fpl$feqf)
    _fcmpeq                                  0x08003415   Thumb Code   104  feqf.o(x$fpl$feqf)
    __aeabi_cfcmple                          0x0800347d   Thumb Code     0  fleqf.o(x$fpl$fleqf)
    _fcmple                                  0x0800347d   Thumb Code   104  fleqf.o(x$fpl$fleqf)
    __fpl_fcmple_InfNaN                      0x080034cf   Thumb Code     0  fleqf.o(x$fpl$fleqf)
    __aeabi_fmul                             0x080034e5   Thumb Code     0  fmul.o(x$fpl$fmul)
    _fmul                                    0x080034e5   Thumb Code   258  fmul.o(x$fpl$fmul)
    __fpl_fnaninf                            0x080035e7   Thumb Code   140  fnaninf.o(x$fpl$fnaninf)
    __fpl_fretinf                            0x08003673   Thumb Code    10  fretinf.o(x$fpl$fretinf)
    __aeabi_cfrcmple                         0x0800367d   Thumb Code     0  frleqf.o(x$fpl$frleqf)
    _frcmple                                 0x0800367d   Thumb Code    98  frleqf.o(x$fpl$frleqf)
    __aeabi_fsub                             0x080036e1   Thumb Code     0  faddsub_clz.o(x$fpl$fsub)
    _fsub                                    0x080036e1   Thumb Code   234  faddsub_clz.o(x$fpl$fsub)
    __I$use$fp                               0x080037ca   Number         0  usenofp.o(x$fpl$usenofp)
    asc2_0806                                0x080037ca   Data         552  oled.o(.constdata)
    asc2_1206                                0x080039f2   Data        1140  oled.o(.constdata)
    asc2_1608                                0x08003e66   Data        1520  oled.o(.constdata)
    asc2_2412                                0x08004456   Data        3420  oled.o(.constdata)
    Hzk1                                     0x080051b2   Data        1568  oled.o(.constdata)
    Hzk2                                     0x080057d2   Data          72  oled.o(.constdata)
    Hzk3                                     0x0800581a   Data        1152  oled.o(.constdata)
    Hzk4                                     0x08005c9a   Data         512  oled.o(.constdata)
    Region$$Table$$Base                      0x08005e9c   Number         0  anon$$obj.o(Region$$Table)
    Region$$Table$$Limit                     0x08005ebc   Number         0  anon$$obj.o(Region$$Table)
    flag                                     0x20000000   Data           1  main.o(.data)
    confirm                                  0x20000001   Data           1  main.o(.data)
    back                                     0x20000002   Data           1  main.o(.data)
    level                                    0x20000003   Data           1  main.o(.data)
    mode                                     0x20000004   Data           1  main.o(.data)
    game                                     0x20000005   Data           1  main.o(.data)
    temp0                                    0x20000008   Data           4  main.o(.data)
    res0                                     0x2000000c   Data           4  main.o(.data)
    all                                      0x20000010   Data           4  main.o(.data)
    XunLian_step                             0x20000014   Data           1  main.o(.data)
    SystemCoreClock                          0x20000018   Data           4  system_stm32f10x.o(.data)
    AHBPrescTable                            0x2000001c   Data          16  system_stm32f10x.o(.data)
    __stdout                                 0x20000030   Data           4  usart.o(.data)
    USART_RX_STA                             0x20000034   Data           2  usart.o(.data)
    Data_FDC                                 0x2000004c   Data           4  fdc2214.o(.data)
    time_flag                                0x20000050   Data           1  timer.o(.data)
    count                                    0x20000051   Data           1  timer.o(.data)
    set_number                               0x20000052   Data           2  timer.o(.data)
    XunLian_fig                              0x20000054   Data          20  main.o(.bss)
    XunLian_ges                              0x20000068   Data          16  main.o(.bss)
    USART_RX_BUF                             0x20000078   Data         200  usart.o(.bss)
    OLED_GRAM                                0x20000140   Data        1152  oled.o(.bss)
    __libspace_start                         0x200005c0   Data          96  libspace.o(.bss)
    __temporary_stack_top$libspace           0x20000620   Data           0  libspace.o(.bss)



==============================================================================

Memory Map of the image

  Image Entry point : 0x080001cd

  Load Region LR_1 (Base: 0x08000000, Size: 0x00005f10, Max: 0xffffffff, ABSOLUTE)

    Execution Region ER_RO (Exec base: 0x08000000, Load base: 0x08000000, Size: 0x00005ebc, Max: 0xffffffff, ABSOLUTE)

    Exec Addr    Load Addr    Size         Type   Attr      Idx    E Section Name        Object

    0x08000000   0x08000000   0x00000130   Data   RO          386    RESET               startup_stm32f10x_hd.o
    0x08000130   0x08000130   0x00000008   Code   RO         3853  * !!!main             c_w.l(__main.o)
    0x08000138   0x08000138   0x00000034   Code   RO         4071    !!!scatter          c_w.l(__scatter.o)
    0x0800016c   0x0800016c   0x0000001a   Code   RO         4073    !!handler_copy      c_w.l(__scatter_copy.o)
    0x08000186   0x08000186   0x00000002   PAD
    0x08000188   0x08000188   0x0000001c   Code   RO         4075    !!handler_zi        c_w.l(__scatter_zi.o)
    0x080001a4   0x080001a4   0x00000002   Code   RO         3943    .ARM.Collect$$libinit$$00000000  c_w.l(libinit.o)
    0x080001a6   0x080001a6   0x00000000   Code   RO         3950    .ARM.Collect$$libinit$$00000002  c_w.l(libinit2.o)
    0x080001a6   0x080001a6   0x00000000   Code   RO         3952    .ARM.Collect$$libinit$$00000004  c_w.l(libinit2.o)
    0x080001a6   0x080001a6   0x00000000   Code   RO         3955    .ARM.Collect$$libinit$$0000000A  c_w.l(libinit2.o)
    0x080001a6   0x080001a6   0x00000000   Code   RO         3957    .ARM.Collect$$libinit$$0000000C  c_w.l(libinit2.o)
    0x080001a6   0x080001a6   0x00000000   Code   RO         3959    .ARM.Collect$$libinit$$0000000E  c_w.l(libinit2.o)
    0x080001a6   0x080001a6   0x00000000   Code   RO         3962    .ARM.Collect$$libinit$$00000011  c_w.l(libinit2.o)
    0x080001a6   0x080001a6   0x00000000   Code   RO         3964    .ARM.Collect$$libinit$$00000013  c_w.l(libinit2.o)
    0x080001a6   0x080001a6   0x00000000   Code   RO         3966    .ARM.Collect$$libinit$$00000015  c_w.l(libinit2.o)
    0x080001a6   0x080001a6   0x00000000   Code   RO         3968    .ARM.Collect$$libinit$$00000017  c_w.l(libinit2.o)
    0x080001a6   0x080001a6   0x00000000   Code   RO         3970    .ARM.Collect$$libinit$$00000019  c_w.l(libinit2.o)
    0x080001a6   0x080001a6   0x00000000   Code   RO         3972    .ARM.Collect$$libinit$$0000001B  c_w.l(libinit2.o)
    0x080001a6   0x080001a6   0x00000000   Code   RO         3974    .ARM.Collect$$libinit$$0000001D  c_w.l(libinit2.o)
    0x080001a6   0x080001a6   0x00000000   Code   RO         3976    .ARM.Collect$$libinit$$0000001F  c_w.l(libinit2.o)
    0x080001a6   0x080001a6   0x00000000   Code   RO         3978    .ARM.Collect$$libinit$$00000021  c_w.l(libinit2.o)
    0x080001a6   0x080001a6   0x00000000   Code   RO         3980    .ARM.Collect$$libinit$$00000023  c_w.l(libinit2.o)
    0x080001a6   0x080001a6   0x00000000   Code   RO         3982    .ARM.Collect$$libinit$$00000025  c_w.l(libinit2.o)
    0x080001a6   0x080001a6   0x00000000   Code   RO         3986    .ARM.Collect$$libinit$$0000002C  c_w.l(libinit2.o)
    0x080001a6   0x080001a6   0x00000000   Code   RO         3988    .ARM.Collect$$libinit$$0000002E  c_w.l(libinit2.o)
    0x080001a6   0x080001a6   0x00000000   Code   RO         3990    .ARM.Collect$$libinit$$00000030  c_w.l(libinit2.o)
    0x080001a6   0x080001a6   0x00000000   Code   RO         3992    .ARM.Collect$$libinit$$00000032  c_w.l(libinit2.o)
    0x080001a6   0x080001a6   0x00000002   Code   RO         3993    .ARM.Collect$$libinit$$00000033  c_w.l(libinit2.o)
    0x080001a8   0x080001a8   0x00000002   Code   RO         4011    .ARM.Collect$$libshutdown$$00000000  c_w.l(libshutdown.o)
    0x080001aa   0x080001aa   0x00000000   Code   RO         4021    .ARM.Collect$$libshutdown$$00000002  c_w.l(libshutdown2.o)
    0x080001aa   0x080001aa   0x00000000   Code   RO         4023    .ARM.Collect$$libshutdown$$00000004  c_w.l(libshutdown2.o)
    0x080001aa   0x080001aa   0x00000000   Code   RO         4025    .ARM.Collect$$libshutdown$$00000006  c_w.l(libshutdown2.o)
    0x080001aa   0x080001aa   0x00000000   Code   RO         4028    .ARM.Collect$$libshutdown$$00000009  c_w.l(libshutdown2.o)
    0x080001aa   0x080001aa   0x00000000   Code   RO         4031    .ARM.Collect$$libshutdown$$0000000C  c_w.l(libshutdown2.o)
    0x080001aa   0x080001aa   0x00000000   Code   RO         4033    .ARM.Collect$$libshutdown$$0000000E  c_w.l(libshutdown2.o)
    0x080001aa   0x080001aa   0x00000000   Code   RO         4036    .ARM.Collect$$libshutdown$$00000011  c_w.l(libshutdown2.o)
    0x080001aa   0x080001aa   0x00000002   Code   RO         4037    .ARM.Collect$$libshutdown$$00000012  c_w.l(libshutdown2.o)
    0x080001ac   0x080001ac   0x00000000   Code   RO         3905    .ARM.Collect$$rtentry$$00000000  c_w.l(__rtentry.o)
    0x080001ac   0x080001ac   0x00000000   Code   RO         3920    .ARM.Collect$$rtentry$$00000002  c_w.l(__rtentry2.o)
    0x080001ac   0x080001ac   0x00000006   Code   RO         3932    .ARM.Collect$$rtentry$$00000004  c_w.l(__rtentry4.o)
    0x080001b2   0x080001b2   0x00000000   Code   RO         3922    .ARM.Collect$$rtentry$$00000009  c_w.l(__rtentry2.o)
    0x080001b2   0x080001b2   0x00000004   Code   RO         3923    .ARM.Collect$$rtentry$$0000000A  c_w.l(__rtentry2.o)
    0x080001b6   0x080001b6   0x00000000   Code   RO         3925    .ARM.Collect$$rtentry$$0000000C  c_w.l(__rtentry2.o)
    0x080001b6   0x080001b6   0x00000008   Code   RO         3926    .ARM.Collect$$rtentry$$0000000D  c_w.l(__rtentry2.o)
    0x080001be   0x080001be   0x00000002   Code   RO         3947    .ARM.Collect$$rtexit$$00000000  c_w.l(rtexit.o)
    0x080001c0   0x080001c0   0x00000000   Code   RO         3995    .ARM.Collect$$rtexit$$00000002  c_w.l(rtexit2.o)
    0x080001c0   0x080001c0   0x00000004   Code   RO         3996    .ARM.Collect$$rtexit$$00000003  c_w.l(rtexit2.o)
    0x080001c4   0x080001c4   0x00000006   Code   RO         3997    .ARM.Collect$$rtexit$$00000004  c_w.l(rtexit2.o)
    0x080001ca   0x080001ca   0x00000002   PAD
    0x080001cc   0x080001cc   0x00000040   Code   RO          387  * .text               startup_stm32f10x_hd.o
    0x0800020c   0x0800020c   0x00000002   Code   RO         3849    .text               c_w.l(use_no_semi_2.o)
    0x0800020e   0x0800020e   0x00000006   Code   RO         3851    .text               c_w.l(heapauxi.o)
    0x08000214   0x08000214   0x00000002   Code   RO         3903    .text               c_w.l(use_no_semi.o)
    0x08000216   0x08000216   0x0000004a   Code   RO         3934    .text               c_w.l(sys_stackheap_outer.o)
    0x08000260   0x08000260   0x00000012   Code   RO         3936    .text               c_w.l(exit.o)
    0x08000272   0x08000272   0x00000002   PAD
    0x08000274   0x08000274   0x00000008   Code   RO         3944    .text               c_w.l(libspace.o)
    0x0800027c   0x0800027c   0x00000044   Code   RO         3524    i.Back_Press        key.o
    0x080002c0   0x080002c0   0x00000004   Code   RO          149    i.BusFault_Handler  stm32f10x_it.o
    0x080002c4   0x080002c4   0x000001f4   Code   RO         3767    i.CaiQuan_judgement  judge.o
    0x080004b8   0x080004b8   0x0000018c   Code   RO         3768    i.Caiquan_Pratice   judge.o
    0x08000644   0x08000644   0x00000048   Code   RO         3668    i.Cap_Calculate     fdc2214.o
    0x0800068c   0x0800068c   0x00000054   Code   RO         3556    i.ChuShi            display.o
    0x080006e0   0x080006e0   0x000000f8   Code   RO         3525    i.Confirm_Press     key.o
    0x080007d8   0x080007d8   0x00000002   Code   RO          150    i.DebugMon_Handler  stm32f10x_it.o
    0x080007da   0x080007da   0x00000002   PAD
    0x080007dc   0x080007dc   0x00000034   Code   RO         3634    i.EXTI0_IRQHandler  encoder.o
    0x08000810   0x08000810   0x00000034   Code   RO         3635    i.EXTI1_IRQHandler  encoder.o
    0x08000844   0x08000844   0x0000000c   Code   RO         1189    i.EXTI_ClearITPendingBit  stm32f10x_exti.o
    0x08000850   0x08000850   0x00000028   Code   RO         1193    i.EXTI_GetITStatus  stm32f10x_exti.o
    0x08000878   0x08000878   0x00000094   Code   RO         1194    i.EXTI_Init         stm32f10x_exti.o
    0x0800090c   0x0800090c   0x0000009c   Code   RO         3637    i.Encoder_Init      encoder.o
    0x080009a8   0x080009a8   0x000000a8   Code   RO         3557    i.Enviro_Init_Dispaly  display.o
    0x08000a50   0x08000a50   0x00000078   Code   RO         3669    i.FCD2214_ReadCH    fdc2214.o
    0x08000ac8   0x08000ac8   0x000000ea   Code   RO         3670    i.FDC2214_Init      fdc2214.o
    0x08000bb2   0x08000bb2   0x00000002   Code   RO         3671    i.FDC_GPIO_Init     fdc2214.o
    0x08000bb4   0x08000bb4   0x0000003c   Code   RO         3672    i.FDC_IIC_Ack       fdc2214.o
    0x08000bf0   0x08000bf0   0x0000000a   Code   RO         3673    i.FDC_IIC_Delay     fdc2214.o
    0x08000bfa   0x08000bfa   0x00000002   PAD
    0x08000bfc   0x08000bfc   0x00000038   Code   RO         3674    i.FDC_IIC_Init      fdc2214.o
    0x08000c34   0x08000c34   0x0000004c   Code   RO         3675    i.FDC_IIC_NAck      fdc2214.o
    0x08000c80   0x08000c80   0x0000006c   Code   RO         3676    i.FDC_IIC_Read_Byte  fdc2214.o
    0x08000cec   0x08000cec   0x0000005c   Code   RO         3677    i.FDC_IIC_Send_Byte  fdc2214.o
    0x08000d48   0x08000d48   0x00000048   Code   RO         3678    i.FDC_IIC_Start     fdc2214.o
    0x08000d90   0x08000d90   0x00000048   Code   RO         3679    i.FDC_IIC_Stop      fdc2214.o
    0x08000dd8   0x08000dd8   0x00000064   Code   RO         3680    i.FDC_IIC_Wait_Ack  fdc2214.o
    0x08000e3c   0x08000e3c   0x00000042   Code   RO         3681    i.FDC_Read          fdc2214.o
    0x08000e7e   0x08000e7e   0x00000002   PAD
    0x08000e80   0x08000e80   0x00000084   Code   RO         3558    i.Flag_Display      display.o
    0x08000f04   0x08000f04   0x00000034   Code   RO         3526    i.Flag_Reverse      key.o
    0x08000f38   0x08000f38   0x00000040   Code   RO         1539    i.GPIO_EXTILineConfig  stm32f10x_gpio.o
    0x08000f78   0x08000f78   0x00000116   Code   RO         1542    i.GPIO_Init         stm32f10x_gpio.o
    0x0800108e   0x0800108e   0x00000012   Code   RO         1546    i.GPIO_ReadInputDataBit  stm32f10x_gpio.o
    0x080010a0   0x080010a0   0x00000004   Code   RO         1549    i.GPIO_ResetBits    stm32f10x_gpio.o
    0x080010a4   0x080010a4   0x00000004   Code   RO         1550    i.GPIO_SetBits      stm32f10x_gpio.o
    0x080010a8   0x080010a8   0x00000004   Code   RO          151    i.HardFault_Handler  stm32f10x_it.o
    0x080010ac   0x080010ac   0x000002a0   Code   RO         3769    i.HuaQuan_judgement  judge.o
    0x0800134c   0x0800134c   0x000001a0   Code   RO         3770    i.Huaquan_Pratice   judge.o
    0x080014ec   0x080014ec   0x0000003c   Code   RO         3358    i.I2C_Start         oled.o
    0x08001528   0x08001528   0x0000002c   Code   RO         3359    i.I2C_Stop          oled.o
    0x08001554   0x08001554   0x00000034   Code   RO         3360    i.I2C_WaitAck       oled.o
    0x08001588   0x08001588   0x00000010   Code   RO         3361    i.IIC_delay         oled.o
    0x08001598   0x08001598   0x00000048   Code   RO         3527    i.Key_Init          key.o
    0x080015e0   0x080015e0   0x00000094   Code   RO         3560    i.Learning_Dispaly  display.o
    0x08001674   0x08001674   0x0000010e   Code   RO         3561    i.Level0_Display    display.o
    0x08001782   0x08001782   0x00000002   PAD
    0x08001784   0x08001784   0x0000017c   Code   RO         3562    i.Level1_Display    display.o
    0x08001900   0x08001900   0x00000100   Code   RO         3563    i.Level2_Display    display.o
    0x08001a00   0x08001a00   0x00000004   Code   RO          152    i.MemManage_Handler  stm32f10x_it.o
    0x08001a04   0x08001a04   0x00000002   Code   RO          153    i.NMI_Handler       stm32f10x_it.o
    0x08001a06   0x08001a06   0x0000000c   Code   RO          301    i.NVIC_Configuration  sys.o
    0x08001a12   0x08001a12   0x00000002   PAD
    0x08001a14   0x08001a14   0x00000070   Code   RO          391    i.NVIC_Init         misc.o
    0x08001a84   0x08001a84   0x00000014   Code   RO          392    i.NVIC_PriorityGroupConfig  misc.o
    0x08001a98   0x08001a98   0x00000030   Code   RO         3362    i.OLED_Clear        oled.o
    0x08001ac8   0x08001ac8   0x000000aa   Code   RO         3368    i.OLED_DrawLine     oled.o
    0x08001b72   0x08001b72   0x00000002   PAD
    0x08001b74   0x08001b74   0x00000078   Code   RO         3369    i.OLED_DrawPoint    oled.o
    0x08001bec   0x08001bec   0x00000120   Code   RO         3370    i.OLED_Init         oled.o
    0x08001d0c   0x08001d0c   0x00000016   Code   RO         3371    i.OLED_Pow          oled.o
    0x08001d22   0x08001d22   0x00000002   PAD
    0x08001d24   0x08001d24   0x00000068   Code   RO         3372    i.OLED_Refresh      oled.o
    0x08001d8c   0x08001d8c   0x0000013c   Code   RO         3374    i.OLED_ShowChar     oled.o
    0x08001ec8   0x08001ec8   0x00000100   Code   RO         3375    i.OLED_ShowChinese  oled.o
    0x08001fc8   0x08001fc8   0x0000008c   Code   RO         3376    i.OLED_ShowNum      oled.o
    0x08002054   0x08002054   0x0000004a   Code   RO         3378    i.OLED_ShowString   oled.o
    0x0800209e   0x0800209e   0x00000038   Code   RO         3379    i.OLED_WR_Byte      oled.o
    0x080020d6   0x080020d6   0x00000002   Code   RO          154    i.PendSV_Handler    stm32f10x_it.o
    0x080020d8   0x080020d8   0x00000020   Code   RO         1960    i.RCC_APB2PeriphClockCmd  stm32f10x_rcc.o
    0x080020f8   0x080020f8   0x000000d4   Code   RO         1968    i.RCC_GetClocksFreq  stm32f10x_rcc.o
    0x080021cc   0x080021cc   0x00000002   Code   RO          155    i.SVC_Handler       stm32f10x_it.o
    0x080021ce   0x080021ce   0x00000002   PAD
    0x080021d0   0x080021d0   0x00000028   Code   RO         3564    i.Screen_Display    display.o
    0x080021f8   0x080021f8   0x00000054   Code   RO         3380    i.Send_Byte         oled.o
    0x0800224c   0x0800224c   0x00000008   Code   RO          212    i.SetSysClock       system_stm32f10x.o
    0x08002254   0x08002254   0x000000e0   Code   RO          213    i.SetSysClockTo72   system_stm32f10x.o
    0x08002334   0x08002334   0x0000005a   Code   RO         3682    i.Set_FDC2214       fdc2214.o
    0x0800238e   0x0800238e   0x00000002   PAD
    0x08002390   0x08002390   0x0000008c   Code   RO         3565    i.Start_Display     display.o
    0x0800241c   0x0800241c   0x00000028   Code   RO          395    i.SysTick_CLKSourceConfig  misc.o
    0x08002444   0x08002444   0x00000002   Code   RO          156    i.SysTick_Handler   stm32f10x_it.o
    0x08002446   0x08002446   0x00000030   Code   RO            1    i.Sys_Init          main.o
    0x08002476   0x08002476   0x00000002   PAD
    0x08002478   0x08002478   0x00000060   Code   RO          215    i.SystemInit        system_stm32f10x.o
    0x080024d8   0x080024d8   0x00000044   Code   RO         3820    i.TIM3_IRQHandler   timer.o
    0x0800251c   0x0800251c   0x00000006   Code   RO         2587    i.TIM_ClearITPendingBit  stm32f10x_tim.o
    0x08002522   0x08002522   0x00000022   Code   RO         2613    i.TIM_GetITStatus   stm32f10x_tim.o
    0x08002544   0x08002544   0x0000004c   Code   RO         3566    i.TrainFinish_Dispay  display.o
    0x08002590   0x08002590   0x00000088   Code   RO          333    i.USART1_IRQHandler  usart.o
    0x08002618   0x08002618   0x00000018   Code   RO         3128    i.USART_Cmd         stm32f10x_usart.o
    0x08002630   0x08002630   0x00000054   Code   RO         3132    i.USART_GetITStatus  stm32f10x_usart.o
    0x08002684   0x08002684   0x0000004a   Code   RO         3134    i.USART_ITConfig    stm32f10x_usart.o
    0x080026ce   0x080026ce   0x00000002   PAD
    0x080026d0   0x080026d0   0x000000d8   Code   RO         3135    i.USART_Init        stm32f10x_usart.o
    0x080027a8   0x080027a8   0x0000000a   Code   RO         3142    i.USART_ReceiveData  stm32f10x_usart.o
    0x080027b2   0x080027b2   0x00000004   Code   RO          157    i.UsageFault_Handler  stm32f10x_it.o
    0x080027b6   0x080027b6   0x00000004   Code   RO          334    i._sys_exit         usart.o
    0x080027ba   0x080027ba   0x00000002   PAD
    0x080027bc   0x080027bc   0x00000044   Code   RO          246    i.delay_init        delay.o
    0x08002800   0x08002800   0x0000004c   Code   RO          247    i.delay_ms          delay.o
    0x0800284c   0x0800284c   0x0000004c   Code   RO          248    i.delay_us          delay.o
    0x08002898   0x08002898   0x00000020   Code   RO            2    i.main              main.o
    0x080028b8   0x080028b8   0x000000a0   Code   RO          336    i.uart_init         usart.o
    0x08002958   0x08002958   0x00000062   Code   RO         3855    x$fpl$d2f           fz_ws.l(d2f.o)
    0x080029ba   0x080029ba   0x00000002   PAD
    0x080029bc   0x080029bc   0x00000150   Code   RO         3857    x$fpl$dadd          fz_ws.l(daddsub_clz.o)
    0x08002b0c   0x08002b0c   0x00000018   Code   RO         3906    x$fpl$dcmpinf       fz_ws.l(dcmpi.o)
    0x08002b24   0x08002b24   0x000002b0   Code   RO         3864    x$fpl$ddiv          fz_ws.l(ddiv.o)
    0x08002dd4   0x08002dd4   0x00000026   Code   RO         3867    x$fpl$dfltu         fz_ws.l(dflt_clz.o)
    0x08002dfa   0x08002dfa   0x00000002   PAD
    0x08002dfc   0x08002dfc   0x00000078   Code   RO         3873    x$fpl$dleqf         fz_ws.l(dleqf.o)
    0x08002e74   0x08002e74   0x0000009c   Code   RO         3908    x$fpl$dnaninf       fz_ws.l(dnaninf.o)
    0x08002f10   0x08002f10   0x0000000c   Code   RO         3910    x$fpl$dretinf       fz_ws.l(dretinf.o)
    0x08002f1c   0x08002f1c   0x0000006c   Code   RO         3875    x$fpl$drleqf        fz_ws.l(drleqf.o)
    0x08002f88   0x08002f88   0x000001d4   Code   RO         3859    x$fpl$dsub          fz_ws.l(daddsub_clz.o)
    0x0800315c   0x0800315c   0x00000056   Code   RO         3877    x$fpl$f2d           fz_ws.l(f2d.o)
    0x080031b2   0x080031b2   0x00000002   PAD
    0x080031b4   0x080031b4   0x000000c4   Code   RO         3879    x$fpl$fadd          fz_ws.l(faddsub_clz.o)
    0x08003278   0x08003278   0x00000018   Code   RO         3912    x$fpl$fcmpinf       fz_ws.l(fcmpi.o)
    0x08003290   0x08003290   0x00000184   Code   RO         3886    x$fpl$fdiv          fz_ws.l(fdiv.o)
    0x08003414   0x08003414   0x00000068   Code   RO         3889    x$fpl$feqf          fz_ws.l(feqf.o)
    0x0800347c   0x0800347c   0x00000068   Code   RO         3897    x$fpl$fleqf         fz_ws.l(fleqf.o)
    0x080034e4   0x080034e4   0x00000102   Code   RO         3899    x$fpl$fmul          fz_ws.l(fmul.o)
    0x080035e6   0x080035e6   0x0000008c   Code   RO         3914    x$fpl$fnaninf       fz_ws.l(fnaninf.o)
    0x08003672   0x08003672   0x0000000a   Code   RO         3916    x$fpl$fretinf       fz_ws.l(fretinf.o)
    0x0800367c   0x0800367c   0x00000062   Code   RO         3901    x$fpl$frleqf        fz_ws.l(frleqf.o)
    0x080036de   0x080036de   0x00000002   PAD
    0x080036e0   0x080036e0   0x000000ea   Code   RO         3881    x$fpl$fsub          fz_ws.l(faddsub_clz.o)
    0x080037ca   0x080037ca   0x00000000   Code   RO         3918    x$fpl$usenofp       fz_ws.l(usenofp.o)
    0x080037ca   0x080037ca   0x000026d0   Data   RO         3382    .constdata          oled.o
    0x08005e9a   0x08005e9a   0x00000002   PAD
    0x08005e9c   0x08005e9c   0x00000020   Data   RO         4069    Region$$Table       anon$$obj.o


    Execution Region ER_RW (Exec base: 0x20000000, Load base: 0x08005ebc, Size: 0x00000054, Max: 0xffffffff, ABSOLUTE)

    Exec Addr    Load Addr    Size         Type   Attr      Idx    E Section Name        Object

    0x20000000   0x08005ebc   0x00000015   Data   RW            4    .data               main.o
    0x20000015   0x08005ed1   0x00000003   PAD
    0x20000018   0x08005ed4   0x00000014   Data   RW          216    .data               system_stm32f10x.o
    0x2000002c   0x08005ee8   0x00000004   Data   RW          249    .data               delay.o
    0x20000030   0x08005eec   0x00000006   Data   RW          338    .data               usart.o
    0x20000036   0x08005ef2   0x00000014   Data   RW         1988    .data               stm32f10x_rcc.o
    0x2000004a   0x08005f06   0x00000002   PAD
    0x2000004c   0x08005f08   0x00000004   Data   RW         3683    .data               fdc2214.o
    0x20000050   0x08005f0c   0x00000004   Data   RW         3823    .data               timer.o


    Execution Region ER_ZI (Exec base: 0x20000054, Load base: 0x08005f10, Size: 0x00000bcc, Max: 0xffffffff, ABSOLUTE)

    Exec Addr    Load Addr    Size         Type   Attr      Idx    E Section Name        Object

    0x20000054        -       0x00000024   Zero   RW            3    .bss                main.o
    0x20000078        -       0x000000c8   Zero   RW          337    .bss                usart.o
    0x20000140        -       0x00000480   Zero   RW         3381    .bss                oled.o
    0x200005c0        -       0x00000060   Zero   RW         3945    .bss                c_w.l(libspace.o)
    0x20000620        -       0x00000200   Zero   RW          385    HEAP                startup_stm32f10x_hd.o
    0x20000820        -       0x00000400   Zero   RW          384    STACK               startup_stm32f10x_hd.o


==============================================================================

Image component sizes


      Code (inc. data)   RO Data    RW Data    ZI Data      Debug   Object Name

       220         26          0          4          0     207135   delay.o
      1694         68          0          0          0       4986   display.o
       260         26          0          0          0       1557   encoder.o
      1230        110          0          4          0       8426   fdc2214.o
      1984        122          0          0          0       3248   judge.o
       440         50          0          0          0       2083   key.o
        80          0          0         21         36      49926   main.o
       172         22          0          0          0       1969   misc.o
      1850         74       9936          0       1152      11848   oled.o
        64         26        304          0       1536        784   startup_stm32f10x_hd.o
       200         18          0          0          0       2024   stm32f10x_exti.o
       368          4          0          0          0       4142   stm32f10x_gpio.o
        26          0          0          0          0       3506   stm32f10x_it.o
       244         26          0         20          0       3781   stm32f10x_rcc.o
        40          0          0          0          0       1686   stm32f10x_tim.o
       408          6          0          0          0       4862   stm32f10x_usart.o
        12          0          0          0          0        465   sys.o
       328         28          0         20          0       1977   system_stm32f10x.o
        68         18          0          4          0        747   timer.o
       300         22          0          6        200       3488   usart.o

    ----------------------------------------------------------------------
     10012        646      10274         84       2924     318640   Object Totals
         0          0         32          0          0          0   (incl. Generated)
        24          0          2          5          0          0   (incl. Padding)

    ----------------------------------------------------------------------

      Code (inc. data)   RO Data    RW Data    ZI Data      Debug   Library Member Name

         8          0          0          0          0         68   __main.o
         0          0          0          0          0          0   __rtentry.o
        12          0          0          0          0          0   __rtentry2.o
         6          0          0          0          0          0   __rtentry4.o
        52          8          0          0          0          0   __scatter.o
        26          0          0          0          0          0   __scatter_copy.o
        28          0          0          0          0          0   __scatter_zi.o
        18          0          0          0          0         80   exit.o
         6          0          0          0          0        152   heapauxi.o
         2          0          0          0          0          0   libinit.o
         2          0          0          0          0          0   libinit2.o
         2          0          0          0          0          0   libshutdown.o
         2          0          0          0          0          0   libshutdown2.o
         8          4          0          0         96         68   libspace.o
         2          0          0          0          0          0   rtexit.o
        10          0          0          0          0          0   rtexit2.o
        74          0          0          0          0         80   sys_stackheap_outer.o
         2          0          0          0          0         68   use_no_semi.o
         2          0          0          0          0         68   use_no_semi_2.o
        98          4          0          0          0         92   d2f.o
       804         16          0          0          0        272   daddsub_clz.o
        24          0          0          0          0         68   dcmpi.o
       688        140          0          0          0        208   ddiv.o
        38          0          0          0          0         68   dflt_clz.o
       120          4          0          0          0         92   dleqf.o
       156          4          0          0          0         92   dnaninf.o
        12          0          0          0          0         68   dretinf.o
       108          0          0          0          0         80   drleqf.o
        86          4          0          0          0         84   f2d.o
       430          8          0          0          0        168   faddsub_clz.o
        24          0          0          0          0         68   fcmpi.o
       388         76          0          0          0         96   fdiv.o
       104          4          0          0          0         84   feqf.o
       104          4          0          0          0         84   fleqf.o
       258          4          0          0          0         84   fmul.o
       140          4          0          0          0         84   fnaninf.o
        10          0          0          0          0         68   fretinf.o
        98          0          0          0          0         68   frleqf.o
         0          0          0          0          0          0   usenofp.o

    ----------------------------------------------------------------------
      3966        284          0          0         96       2512   Library Totals
        14          0          0          0          0          0   (incl. Padding)

    ----------------------------------------------------------------------

      Code (inc. data)   RO Data    RW Data    ZI Data      Debug   Library Name

       262         12          0          0         96        584   c_w.l
      3690        272          0          0          0       1928   fz_ws.l

    ----------------------------------------------------------------------
      3966        284          0          0         96       2512   Library Totals

    ----------------------------------------------------------------------

==============================================================================


      Code (inc. data)   RO Data    RW Data    ZI Data      Debug   

     13978        930      10274         84       3020     315272   Grand Totals
     13978        930      10274         84       3020     315272   ELF Image Totals
     13978        930      10274         84          0          0   ROM Totals

==============================================================================

    Total RO  Size (Code + RO Data)                24252 (  23.68kB)
    Total RW  Size (RW Data + ZI Data)              3104 (   3.03kB)
    Total ROM Size (Code + RO Data + RW Data)      24336 (  23.77kB)

==============================================================================

